Component: ARM Compiler 6.14 Tool: armlink [5db06800]

==============================================================================

Section Cross References

    sd.o(.text) refers (Special) to _printf_f.o(.ARM.Collect$$_printf_percent$$00000003) for _printf_f
    sd.o(.text) refers (Special) to printf1.o(x$fpl$printf1) for _printf_fp_dec
    sd.o(.text) refers (Special) to _printf_percent.o(.ARM.Collect$$_printf_percent$$00000000) for _printf_percent
    sd.o(.text.main) refers (Special) to _printf_f.o(.ARM.Collect$$_printf_percent$$00000003) for _printf_f
    sd.o(.text.main) refers (Special) to printf1.o(x$fpl$printf1) for _printf_fp_dec
    sd.o(.text.main) refers (Special) to _printf_percent.o(.ARM.Collect$$_printf_percent$$00000000) for _printf_percent
    sd.o(.text.main) refers to sd.o(.text.LCD_init) for LCD_init
    sd.o(.text.main) refers to dflt_clz.o(x$fpl$dfltu) for __aeabi_ui2d
    sd.o(.text.main) refers to daddsub_clz.o(x$fpl$dadd) for __aeabi_dadd
    sd.o(.text.main) refers to sd.o(.text.delayMs) for delayMs
    sd.o(.text.main) refers to ddiv.o(x$fpl$ddiv) for __aeabi_ddiv
    sd.o(.text.main) refers to dmul.o(x$fpl$dmul) for __aeabi_dmul
    sd.o(.text.main) refers to daddsub_clz.o(x$fpl$dsub) for __aeabi_dsub
    sd.o(.text.main) refers to sd.o(.text.LCD_command) for LCD_command
    sd.o(.text.main) refers to sd.o(.rodata.str1.1) for .L.str
    sd.o(.text.main) refers to noretval__2sprintf.o(.text) for __2sprintf
    sd.o(.text.main) refers to sd.o(.text.LCD_data) for LCD_data
    sd.o(.ARM.exidx.text.main) refers (Special) to _printf_f.o(.ARM.Collect$$_printf_percent$$00000003) for _printf_f
    sd.o(.ARM.exidx.text.main) refers (Special) to printf1.o(x$fpl$printf1) for _printf_fp_dec
    sd.o(.ARM.exidx.text.main) refers (Special) to _printf_percent.o(.ARM.Collect$$_printf_percent$$00000000) for _printf_percent
    sd.o(.ARM.exidx.text.main) refers to sd.o(.text.main) for [Anonymous Symbol]
    sd.o(.text.LCD_init) refers (Special) to _printf_f.o(.ARM.Collect$$_printf_percent$$00000003) for _printf_f
    sd.o(.text.LCD_init) refers (Special) to printf1.o(x$fpl$printf1) for _printf_fp_dec
    sd.o(.text.LCD_init) refers (Special) to _printf_percent.o(.ARM.Collect$$_printf_percent$$00000000) for _printf_percent
    sd.o(.text.LCD_init) refers to sd.o(.text.PORTS_init) for PORTS_init
    sd.o(.text.LCD_init) refers to sd.o(.text.delayMs) for delayMs
    sd.o(.text.LCD_init) refers to sd.o(.text.LCD_nibble_write) for LCD_nibble_write
    sd.o(.text.LCD_init) refers to sd.o(.text.LCD_command) for LCD_command
    sd.o(.ARM.exidx.text.LCD_init) refers (Special) to _printf_f.o(.ARM.Collect$$_printf_percent$$00000003) for _printf_f
    sd.o(.ARM.exidx.text.LCD_init) refers (Special) to printf1.o(x$fpl$printf1) for _printf_fp_dec
    sd.o(.ARM.exidx.text.LCD_init) refers (Special) to _printf_percent.o(.ARM.Collect$$_printf_percent$$00000000) for _printf_percent
    sd.o(.ARM.exidx.text.LCD_init) refers to sd.o(.text.LCD_init) for [Anonymous Symbol]
    sd.o(.text.delayMs) refers (Special) to _printf_f.o(.ARM.Collect$$_printf_percent$$00000003) for _printf_f
    sd.o(.text.delayMs) refers (Special) to printf1.o(x$fpl$printf1) for _printf_fp_dec
    sd.o(.text.delayMs) refers (Special) to _printf_percent.o(.ARM.Collect$$_printf_percent$$00000000) for _printf_percent
    sd.o(.ARM.exidx.text.delayMs) refers (Special) to _printf_f.o(.ARM.Collect$$_printf_percent$$00000003) for _printf_f
    sd.o(.ARM.exidx.text.delayMs) refers (Special) to printf1.o(x$fpl$printf1) for _printf_fp_dec
    sd.o(.ARM.exidx.text.delayMs) refers (Special) to _printf_percent.o(.ARM.Collect$$_printf_percent$$00000000) for _printf_percent
    sd.o(.ARM.exidx.text.delayMs) refers to sd.o(.text.delayMs) for [Anonymous Symbol]
    sd.o(.text.LCD_command) refers (Special) to _printf_f.o(.ARM.Collect$$_printf_percent$$00000003) for _printf_f
    sd.o(.text.LCD_command) refers (Special) to printf1.o(x$fpl$printf1) for _printf_fp_dec
    sd.o(.text.LCD_command) refers (Special) to _printf_percent.o(.ARM.Collect$$_printf_percent$$00000000) for _printf_percent
    sd.o(.text.LCD_command) refers to sd.o(.text.LCD_nibble_write) for LCD_nibble_write
    sd.o(.text.LCD_command) refers to sd.o(.text.delayMs) for delayMs
    sd.o(.ARM.exidx.text.LCD_command) refers (Special) to _printf_f.o(.ARM.Collect$$_printf_percent$$00000003) for _printf_f
    sd.o(.ARM.exidx.text.LCD_command) refers (Special) to printf1.o(x$fpl$printf1) for _printf_fp_dec
    sd.o(.ARM.exidx.text.LCD_command) refers (Special) to _printf_percent.o(.ARM.Collect$$_printf_percent$$00000000) for _printf_percent
    sd.o(.ARM.exidx.text.LCD_command) refers to sd.o(.text.LCD_command) for [Anonymous Symbol]
    sd.o(.text.LCD_data) refers (Special) to _printf_f.o(.ARM.Collect$$_printf_percent$$00000003) for _printf_f
    sd.o(.text.LCD_data) refers (Special) to printf1.o(x$fpl$printf1) for _printf_fp_dec
[...]
    btod.o(CL$$btod_d2e) refers to btod.o(CL$$btod_d2e_norm_op1) for _d2e_norm_op1
    btod.o(CL$$btod_d2e_norm_op1) refers (Special) to usenofp.o(x$fpl$usenofp) for __I$use$fp
    btod.o(CL$$btod_d2e_norm_op1) refers to btod.o(CL$$btod_d2e_denorm_low) for _d2e_denorm_low
    btod.o(CL$$btod_d2e_denorm_low) refers (Special) to usenofp.o(x$fpl$usenofp) for __I$use$fp
    btod.o(CL$$btod_emul) refers (Special) to usenofp.o(x$fpl$usenofp) for __I$use$fp
    btod.o(CL$$btod_emul) refers to btod.o(CL$$btod_mult_common) for __btod_mult_common
    btod.o(CL$$btod_emul) refers to btod.o(CL$$btod_e2e) for _e2e
    btod.o(CL$$btod_ediv) refers (Special) to usenofp.o(x$fpl$usenofp) for __I$use$fp
    btod.o(CL$$btod_ediv) refers to btod.o(CL$$btod_div_common) for __btod_div_common
    btod.o(CL$$btod_ediv) refers to btod.o(CL$$btod_e2e) for _e2e
    btod.o(CL$$btod_emuld) refers (Special) to usenofp.o(x$fpl$usenofp) for __I$use$fp
    btod.o(CL$$btod_emuld) refers to btod.o(CL$$btod_mult_common) for __btod_mult_common
    btod.o(CL$$btod_emuld) refers to btod.o(CL$$btod_e2d) for _e2d
    btod.o(CL$$btod_edivd) refers (Special) to usenofp.o(x$fpl$usenofp) for __I$use$fp
    btod.o(CL$$btod_edivd) refers to btod.o(CL$$btod_div_common) for __btod_div_common
    btod.o(CL$$btod_edivd) refers to btod.o(CL$$btod_e2d) for _e2d
    btod.o(CL$$btod_e2e) refers (Special) to usenofp.o(x$fpl$usenofp) for __I$use$fp
    btod.o(CL$$btod_e2d) refers (Special) to usenofp.o(x$fpl$usenofp) for __I$use$fp
    btod.o(CL$$btod_e2d) refers to btod.o(CL$$btod_e2e) for _e2e
    btod.o(CL$$btod_mult_common) refers (Special) to usenofp.o(x$fpl$usenofp) for __I$use$fp
    btod.o(CL$$btod_div_common) refers (Special) to usenofp.o(x$fpl$usenofp) for __I$use$fp
    btod_accurate.o(.text) refers to btod_accurate_common.o(.text) for _btod_common
    fputc.o(i.fputc) refers to flsbuf.o(.text) for __flsbuf_byte
    ftell.o(.text) refers to rt_errno_addr_intlibspace.o(.text) for __aeabi_errno_addr
    initio.o(.text) refers (Special) to libinit2.o(.ARM.Collect$$libinit$$00000024) for __rt_lib_init_stdio_2
    initio.o(.text) refers (Special) to libshutdown2.o(.ARM.Collect$$libshutdown$$00000003) for __rt_lib_shutdown_stdio_2
    initio.o(.text) refers to rt_memclr_w.o(.text) for __aeabi_memclr4
    initio.o(.text) refers to fopen.o(.text) for freopen
    initio.o(.text) refers to defsig_rtred_outer.o(.text) for __rt_SIGRTRED
    initio.o(.text) refers to setvbuf.o(.text) for setvbuf
    initio.o(.text) refers to fclose.o(.text) for _fclose_internal
    initio.o(.text) refers to h1_free.o(.text) for free
    initio.o(.text) refers to stdio_streams.o(.bss) for __stdin
    initio.o(.text) refers to stdio_streams.o(.bss) for __stdout
    initio.o(.text) refers to stdio_streams.o(.bss) for __stderr
    initio.o(.text) refers to stdio_streams.o(.data) for __aeabi_stdin
    initio.o(.text) refers to stdio_streams.o(.data) for __aeabi_stdout
    initio.o(.text) refers to stdio_streams.o(.data) for __aeabi_stderr
    initio.o(.text) refers to sys_io_names.o(.constdata) for __stdin_name
    initio.o(.text) refers to sys_io_names.o(.constdata) for __stdout_name
    initio.o(.text) refers to sys_io_names.o(.constdata) for __stderr_name
    initio_locked.o(.text) refers (Special) to libinit2.o(.ARM.Collect$$libinit$$00000024) for __rt_lib_init_stdio_2
    initio_locked.o(.text) refers (Special) to libshutdown2.o(.ARM.Collect$$libshutdown$$00000003) for __rt_lib_shutdown_stdio_2
    initio_locked.o(.text) refers to rt_memclr_w.o(.text) for __aeabi_memclr4
    initio_locked.o(.text) refers to fopen.o(.text) for freopen
    initio_locked.o(.text) refers to defsig_rtred_outer.o(.text) for __rt_SIGRTRED
    initio_locked.o(.text) refers to setvbuf.o(.text) for setvbuf
    initio_locked.o(.text) refers to fclose.o(.text) for _fclose_internal
    initio_locked.o(.text) refers to h1_free.o(.text) for free
    initio_locked.o(.text) refers to stdio_streams.o(.bss) for __stdin
    initio_locked.o(.text) refers to stdio_streams.o(.bss) for __stdout
    initio_locked.o(.text) refers to stdio_streams.o(.bss) for __stderr
    initio_locked.o(.text) refers to stdio_streams.o(.data) for __aeabi_stdin
    initio_locked.o(.text) refers to stdio_streams.o(.data) for __aeabi_stdout
    initio_locked.o(.text) refers to stdio_streams.o(.data) for __aeabi_stderr
    initio_locked.o(.text) refers to streamlock.o(.data) for _stream_list_lock
    initio_locked.o(.text) refers to sys_io_names.o(.constdata) for __stdin_name
    initio_locked.o(.text) refers to sys_io_names.o(.constdata) for __stdout_name
    initio_locked.o(.text) refers to sys_io_names.o(.constdata) for __stderr_name
    lc_numeric_c.o(locale$$data) refers (Special) to libinit2.o(.ARM.Collect$$libinit$$00000016) for __rt_lib_init_lc_numeric_2
    lc_numeric_c.o(locale$$code) refers (Special) to libinit2.o(.ARM.Collect$$libinit$$00000016) for __rt_lib_init_lc_numeric_2
    lc_numeric_c.o(locale$$code) refers to strcmpv7em.o(.text) for strcmp
    lc_numeric_c.o(locale$$code) refers to lc_numeric_c.o(locale$$data) for __lcnum_c_name
    _get_argv.o(.text) refers (Special) to hrguard.o(.text) for __heap_region$guard
    _get_argv.o(.text) refers to h1_alloc.o(.text) for malloc
    _get_argv.o(.text) refers to defsig_rtmem_outer.o(.text) for __rt_SIGRTMEM
    _get_argv.o(.text) refers to sys_command.o(.text) for _sys_command_string
    libinit2.o(.ARM.Collect$$libinit$$00000001) refers to fpinit.o(x$fpl$fpinit) for _fp_init
    libinit2.o(.ARM.Collect$$libinit$$00000005) refers (Weak) to init_alloc.o(.text) for _init_alloc
    libinit2.o(.ARM.Collect$$libinit$$0000000F) refers (Weak) to rt_locale_intlibspace.o(.text) for __rt_locale
    libinit2.o(.ARM.Collect$$libinit$$00000010) refers to libinit2.o(.ARM.Collect$$libinit$$0000000F) for .ARM.Collect$$libinit$$0000000F
    libinit2.o(.ARM.Collect$$libinit$$00000012) refers to libinit2.o(.ARM.Collect$$libinit$$0000000F) for .ARM.Collect$$libinit$$0000000F
    libinit2.o(.ARM.Collect$$libinit$$00000014) refers to libinit2.o(.ARM.Collect$$libinit$$0000000F) for .ARM.Collect$$libinit$$0000000F
    libinit2.o(.ARM.Collect$$libinit$$00000016) refers to libinit2.o(.ARM.Collect$$libinit$$0000000F) for .ARM.Collect$$libinit$$0000000F
    libinit2.o(.ARM.Collect$$libinit$$00000016) refers (Weak) to lc_numeric_c.o(locale$$code) for _get_lc_numeric
    libinit2.o(.ARM.Collect$$libinit$$00000018) refers to libinit2.o(.ARM.Collect$$libinit$$0000000F) for .ARM.Collect$$libinit$$0000000F
    libinit2.o(.ARM.Collect$$libinit$$00000024) refers (Weak) to initio.o(.text) for _initio
    libinit2.o(.ARM.Collect$$libinit$$00000026) refers to argv_veneer.o(.emb_text) for __ARM_argv_veneer
    libinit2.o(.ARM.Collect$$libinit$$00000027) refers to argv_veneer.o(.emb_text) for __ARM_argv_veneer
    istatus.o(x$fpl$ieeestatus) refers (Special) to usenofp.o(x$fpl$usenofp) for __I$use$fp
    fpclassify.o(i.__ARM_fpclassify) refers (Special) to usenofp.o(x$fpl$usenofp) for __I$use$fp
    sys_command.o(.text) refers (Special) to use_no_semi.o(.text) for __I$use$semihosting
    sys_command.o(.text) refers (Special) to indicate_semi.o(.text) for __semihosting_library_function
    sys_command_hlt.o(.text) refers (Special) to use_no_semi.o(.text) for __I$use$semihosting
    sys_command_hlt.o(.text) refers (Special) to indicate_semi.o(.text) for __semihosting_library_function
    libspace.o(.text) refers to libspace.o(.bss) for __libspace_start
    sys_stackheap_outer.o(.text) refers to libspace.o(.text) for __user_perproc_libspace
    sys_stackheap_outer.o(.text) refers to startup_stm32f446xx.o(.text) for __user_initial_stackheap
    rt_errno_addr.o(.text) refers to rt_errno_addr.o(.bss) for __aeabi_errno_addr_data
    rt_errno_addr_intlibspace.o(.text) refers to libspace.o(.bss) for __libspace_start
    maybetermalloc2.o(.text) refers (Special) to term_alloc.o(.text) for _terminate_alloc
    h1_extend.o(.text) refers to h1_free.o(.text) for free
    h1_extend_threads.o(.text) refers to h1_free_threads.o(.text) for free_internal$concurrent
    btod_accurate_common.o(.text) refers to llushr.o(.text) for __aeabi_llsr
    flsbuf.o(.text) refers to stdio.o(.text) for _deferredlazyseek
    flsbuf.o(.text) refers to sys_io.o(.text) for _sys_flen
    flsbuf.o(.text) refers to h1_alloc.o(.text) for malloc
    exit.o(.text) refers to rtexit.o(.ARM.Collect$$rtexit$$00000000) for __rt_exit
    defsig_rtred_outer.o(.text) refers to defsig_rtred_inner.o(.text) for __rt_SIGRTRED_inner
    defsig_rtred_outer.o(.text) refers to defsig_exit.o(.text) for __sig_exit
    defsig_rtred_formal.o(.text) refers to rt_raise.o(.text) for __rt_raise
    defsig_rtmem_outer.o(.text) refers to defsig_rtmem_inner.o(.text) for __rt_SIGRTMEM_inner
    defsig_rtmem_outer.o(.text) refers to defsig_exit.o(.text) for __sig_exit
    defsig_rtmem_formal.o(.text) refers to rt_raise.o(.text) for __rt_raise
    heapauxa.o(.text) refers to heapauxa.o(.data) for .data
    argv_veneer.o(.emb_text) refers to no_argv.o(.text) for __ARM_get_argv
    libinit.o(.ARM.Collect$$libinit$$00000000) refers (Special) to libinit2.o(.ARM.Collect$$libinit$$0000002E) for __rt_lib_init_alloca_1
    libinit.o(.ARM.Collect$$libinit$$00000000) refers (Special) to libinit2.o(.ARM.Collect$$libinit$$0000002C) for __rt_lib_init_argv_1
    libinit.o(.ARM.Collect$$libinit$$00000000) refers (Special) to libinit2.o(.ARM.Collect$$libinit$$0000001B) for __rt_lib_init_atexit_1
    libinit.o(.ARM.Collect$$libinit$$00000000) refers (Special) to libinit2.o(.ARM.Collect$$libinit$$00000021) for __rt_lib_init_clock_1
    libinit.o(.ARM.Collect$$libinit$$00000000) refers (Special) to libinit2.o(.ARM.Collect$$libinit$$00000032) for __rt_lib_init_cpp_1
    libinit.o(.ARM.Collect$$libinit$$00000000) refers (Special) to libinit2.o(.ARM.Collect$$libinit$$00000030) for __rt_lib_init_exceptions_1
    libinit.o(.ARM.Collect$$libinit$$00000000) refers (Special) to libinit2.o(.ARM.Collect$$libinit$$00000001) for __rt_lib_init_fp_1
    libinit.o(.ARM.Collect$$libinit$$00000000) refers (Special) to libinit2.o(.ARM.Collect$$libinit$$0000001F) for __rt_lib_init_fp_trap_1
    libinit.o(.ARM.Collect$$libinit$$00000000) refers (Special) to libinit2.o(.ARM.Collect$$libinit$$00000023) for __rt_lib_init_getenv_1
    libinit.o(.ARM.Collect$$libinit$$00000000) refers (Special) to libinit2.o(.ARM.Collect$$libinit$$0000000A) for __rt_lib_init_heap_1
    libinit.o(.ARM.Collect$$libinit$$00000000) refers (Special) to libinit2.o(.ARM.Collect$$libinit$$00000011) for __rt_lib_init_lc_collate_1
    libinit.o(.ARM.Collect$$libinit$$00000000) refers (Special) to libinit2.o(.ARM.Collect$$libinit$$00000013) for __rt_lib_init_lc_ctype_1
    libinit.o(.ARM.Collect$$libinit$$00000000) refers (Special) to libinit2.o(.ARM.Collect$$libinit$$00000015) for __rt_lib_init_lc_monetary_1
    libinit.o(.ARM.Collect$$libinit$$00000000) refers (Special) to libinit2.o(.ARM.Collect$$libinit$$00000017) for __rt_lib_init_lc_numeric_1
    libinit.o(.ARM.Collect$$libinit$$00000000) refers (Special) to libinit2.o(.ARM.Collect$$libinit$$00000019) for __rt_lib_init_lc_time_1
    libinit.o(.ARM.Collect$$libinit$$00000000) refers (Special) to libinit2.o(.ARM.Collect$$libinit$$00000004) for __rt_lib_init_preinit_1
    libinit.o(.ARM.Collect$$libinit$$00000000) refers (Special) to libinit2.o(.ARM.Collect$$libinit$$0000000E) for __rt_lib_init_rand_1
    libinit.o(.ARM.Collect$$libinit$$00000000) refers (Special) to libinit2.o(.ARM.Collect$$libinit$$00000033) for __rt_lib_init_return
    libinit.o(.ARM.Collect$$libinit$$00000000) refers (Special) to libinit2.o(.ARM.Collect$$libinit$$0000001D) for __rt_lib_init_signal_1
    libinit.o(.ARM.Collect$$libinit$$00000000) refers (Special) to libinit2.o(.ARM.Collect$$libinit$$00000025) for __rt_lib_init_stdio_1
    libinit.o(.ARM.Collect$$libinit$$00000000) refers (Special) to libinit2.o(.ARM.Collect$$libinit$$0000000C) for __rt_lib_init_user_alloc_1
    libshutdown2.o(.ARM.Collect$$libshutdown$$00000003) refers (Weak) to initio.o(.text) for _terminateio
    libshutdown2.o(.ARM.Collect$$libshutdown$$0000000D) refers (Weak) to term_alloc.o(.text) for _terminate_alloc
    flsbuf_fwide.o(.text) refers to flsbuf.o(.text) for __flsbuf
    rtexit.o(.ARM.Collect$$rtexit$$00000000) refers (Special) to rtexit2.o(.ARM.Collect$$rtexit$$00000004) for __rt_exit_exit
    rtexit.o(.ARM.Collect$$rtexit$$00000000) refers (Special) to rtexit2.o(.ARM.Collect$$rtexit$$00000003) for __rt_exit_ls
    rtexit.o(.ARM.Collect$$rtexit$$00000000) refers (Special) to rtexit2.o(.ARM.Collect$$rtexit$$00000002) for __rt_exit_prels_1
    rtexit.o(.ARM.exidx) refers (Special) to rtexit2.o(.ARM.Collect$$rtexit$$00000004) for __rt_exit_exit
    rtexit.o(.ARM.exidx) refers (Special) to rtexit2.o(.ARM.Collect$$rtexit$$00000003) for __rt_exit_ls
    rtexit.o(.ARM.exidx) refers (Special) to rtexit2.o(.ARM.Collect$$rtexit$$00000002) for __rt_exit_prels_1
    rtexit.o(.ARM.exidx) refers to rtexit.o(.ARM.Collect$$rtexit$$00000000) for .ARM.Collect$$rtexit$$00000000
    rt_raise.o(.text) refers to __raise.o(.text) for __raise
    rt_raise.o(.text) refers to sys_exit.o(.text) for _sys_exit
    term_alloc.o(.text) refers (Special) to libshutdown2.o(.ARM.Collect$$libshutdown$$0000000E) for __rt_lib_shutdown_heap_2
    term_alloc.o(.text) refers to rt_heap_descriptor_intlibspace.o(.text) for __rt_heap_descriptor
    term_alloc.o(.text) refers to h1_final.o(.text) for __Heap_Finalize
    _printf_char_file_locked.o(.text) refers to _printf_char_common.o(.text) for _printf_char_common
    _printf_char_file_locked.o(.text) refers to fputc.o(i._fputc$unlocked) for _fputc$unlocked
    fwritefast.o(.text) refers to stdio.o(.text) for _writebuf
    fwritefast.o(.text) refers to flsbuf.o(.text) for __flsbuf_byte
    fwritefast.o(.text) refers to rt_memcpy_v6.o(.text) for __aeabi_memcpy
    fwritefast_locked.o(.text) refers to stdio.o(.text) for _writebuf
    fwritefast_locked.o(.text) refers to flsbuf.o(.text) for __flsbuf_byte
    fwritefast_locked.o(.text) refers to rt_memcpy_v6.o(.text) for __aeabi_memcpy
    defsig_exit.o(.text) refers to sys_exit.o(.text) for _sys_exit
    defsig_rtred_inner.o(.text) refers to defsig_general.o(.text) for __default_signal_display
    defsig_rtmem_inner.o(.text) refers to defsig_general.o(.text) for __default_signal_display
    assert_stdio.o(.text) refers to fputs.o(.text) for fputs
    assert_stdio.o(.text) refers to fflush.o(.text) for fflush
    assert_stdio.o(.text) refers to stdio_streams.o(.bss) for __stderr
    _get_argv_nomalloc.o(.text) refers (Special) to hrguard.o(.text) for __heap_region$guard
    _get_argv_nomalloc.o(.text) refers to defsig_rtmem_outer.o(.text) for __rt_SIGRTMEM
    _get_argv_nomalloc.o(.text) refers to sys_command.o(.text) for _sys_command_string
    sys_exit.o(.text) refers (Special) to use_no_semi.o(.text) for __I$use$semihosting
    sys_exit.o(.text) refers (Special) to indicate_semi.o(.text) for __semihosting_library_function
    sys_exit_hlt.o(.text) refers (Special) to use_no_semi.o(.text) for __I$use$semihosting
    sys_exit_hlt.o(.text) refers (Special) to indicate_semi.o(.text) for __semihosting_library_function
    rtexit2.o(.ARM.Collect$$rtexit$$00000003) refers to libshutdown.o(.ARM.Collect$$libshutdown$$00000000) for __rt_lib_shutdown
    rtexit2.o(.ARM.Collect$$rtexit$$00000004) refers to sys_exit.o(.text) for _sys_exit
    rtexit2.o(.ARM.exidx) refers to rtexit2.o(.ARM.Collect$$rtexit$$00000001) for .ARM.Collect$$rtexit$$00000001
    rtexit2.o(.ARM.exidx) refers to rtexit2.o(.ARM.Collect$$rtexit$$00000003) for .ARM.Collect$$rtexit$$00000003
    rtexit2.o(.ARM.exidx) refers to rtexit2.o(.ARM.Collect$$rtexit$$00000004) for .ARM.Collect$$rtexit$$00000004
    fflush.o(.text) refers to stdio.o(.text) for _fflush
    fflush.o(.text) refers to fseek.o(.text) for _fseek
    fflush.o(.text) refers to stdio_streams.o(.bss) for __stdin
    fputs.o(.text) refers to fputc.o(i.fputc) for fputc
    fflush_locked.o(.text) refers to stdio.o(.text) for _fflush
    fflush_locked.o(.text) refers to fseek.o(.text) for _fseek
    fflush_locked.o(.text) refers to fflush.o(.text) for _do_fflush
    fflush_locked.o(.text) refers to streamlock.o(.data) for _stream_list_lock
    fflush_locked.o(.text) refers to stdio_streams.o(.bss) for __stdin
    __raise.o(.text) refers to defsig.o(CL$$defsig) for __default_signal_handler
    defsig_general.o(.text) refers to sys_wrch.o(.text) for _ttywrch
    rt_memcpy_v6.o(.text) refers to rt_memcpy_w.o(.text) for __aeabi_memcpy4
    sys_wrch.o(.text) refers (Special) to use_no_semi.o(.text) for __I$use$semihosting
    sys_wrch.o(.text) refers (Special) to indicate_semi.o(.text) for __semihosting_library_function
    sys_wrch_hlt.o(.text) refers (Special) to use_no_semi.o(.text) for __I$use$semihosting
    sys_wrch_hlt.o(.text) refers (Special) to indicate_semi.o(.text) for __semihosting_library_function
    defsig.o(CL$$defsig) refers to defsig_rtred_inner.o(.text) for __rt_SIGRTRED_inner
    defsig.o(CL$$defsig) refers to defsig_rtmem_inner.o(.text) for __rt_SIGRTMEM_inner
    libshutdown.o(.ARM.Collect$$libshutdown$$00000000) refers (Special) to libshutdown2.o(.ARM.Collect$$libshutdown$$00000002) for __rt_lib_shutdown_cpp_1
    libshutdown.o(.ARM.Collect$$libshutdown$$00000000) refers (Special) to libshutdown2.o(.ARM.Collect$$libshutdown$$00000007) for __rt_lib_shutdown_fp_trap_1
    libshutdown.o(.ARM.Collect$$libshutdown$$00000000) refers (Special) to libshutdown2.o(.ARM.Collect$$libshutdown$$0000000F) for __rt_lib_shutdown_heap_1
    libshutdown.o(.ARM.Collect$$libshutdown$$00000000) refers (Special) to libshutdown2.o(.ARM.Collect$$libshutdown$$00000010) for __rt_lib_shutdown_return
    libshutdown.o(.ARM.Collect$$libshutdown$$00000000) refers (Special) to libshutdown2.o(.ARM.Collect$$libshutdown$$0000000A) for __rt_lib_shutdown_signal_1
    libshutdown.o(.ARM.Collect$$libshutdown$$00000000) refers (Special) to libshutdown2.o(.ARM.Collect$$libshutdown$$00000004) for __rt_lib_shutdown_stdio_1
    libshutdown.o(.ARM.Collect$$libshutdown$$00000000) refers (Special) to libshutdown2.o(.ARM.Collect$$libshutdown$$0000000C) for __rt_lib_shutdown_user_alloc_1
    defsig_abrt_inner.o(.text) refers to defsig_general.o(.text) for __default_signal_display
    defsig_fpe_inner.o(.text) refers to defsig_general.o(.text) for __default_signal_display
    defsig_stak_inner.o(.text) refers to defsig_general.o(.text) for __default_signal_display
    defsig_pvfn_inner.o(.text) refers to defsig_general.o(.text) for __default_signal_display
    defsig_cppl_inner.o(.text) refers to defsig_general.o(.text) for __default_signal_display
    defsig_segv_inner.o(.text) refers to defsig_general.o(.text) for __default_signal_display
    defsig_other.o(.text) refers to defsig_general.o(.text) for __default_signal_display


==============================================================================

Removing Unused input sections from the image.

    Removing sd.o(.text), (0 bytes).
    Removing sd.o(.ARM.exidx.text.main), (8 bytes).
    Removing sd.o(.ARM.exidx.text.LCD_init), (8 bytes).
    Removing sd.o(.ARM.exidx.text.delayMs), (8 bytes).
    Removing sd.o(.ARM.exidx.text.LCD_command), (8 bytes).
    Removing sd.o(.ARM.exidx.text.LCD_data), (8 bytes).
    Removing sd.o(.text.FilePrint), (156 bytes).
    Removing sd.o(.ARM.exidx.text.FilePrint), (8 bytes).
    Removing sd.o(.ARM.exidx.text.PORTS_init), (8 bytes).
    Removing sd.o(.ARM.exidx.text.LCD_nibble_write), (8 bytes).
    Removing sd.o(.ARM.use_no_argv), (4 bytes).
    Removing system_stm32f4xx.o(.text), (0 bytes).
    Removing system_stm32f4xx.o(.ARM.exidx.text.SystemInit), (8 bytes).
    Removing system_stm32f4xx.o(.text.SystemCoreClockUpdate), (126 bytes).
    Removing system_stm32f4xx.o(.ARM.exidx.text.SystemCoreClockUpdate), (8 bytes).
    Removing system_stm32f4xx.o(.data.SystemCoreClock), (4 bytes).
    Removing system_stm32f4xx.o(.rodata.AHBPrescTable), (16 bytes).
    Removing system_stm32f4xx.o(.rodata.APBPrescTable), (8 bytes).

18 unused section(s) (total 394 bytes) removed from the image.

==============================================================================

Image Symbol Table

    Local Symbols

    Symbol Name                              Value     Ov Type        Size  Object(Section)

    ../clib/angel/boardlib.s                 0x00000000   Number         0  boardinit1.o ABSOLUTE
    ../clib/angel/boardlib.s                 0x00000000   Number         0  boardinit2.o ABSOLUTE
    ../clib/angel/boardlib.s                 0x00000000   Number         0  boardinit3.o ABSOLUTE
    ../clib/angel/boardlib.s                 0x00000000   Number         0  boardshut.o ABSOLUTE
    ../clib/angel/handlers.s                 0x00000000   Number         0  __scatter_zi.o ABSOLUTE
    ../clib/angel/kernel.s                   0x00000000   Number         0  __rtentry.o ABSOLUTE
    ../clib/angel/kernel.s                   0x00000000   Number         0  __rtentry2.o ABSOLUTE
    ../clib/angel/kernel.s                   0x00000000   Number         0  __rtentry4.o ABSOLUTE
    ../clib/angel/kernel.s                   0x00000000   Number         0  rtexit.o ABSOLUTE
    ../clib/angel/kernel.s                   0x00000000   Number         0  rtexit2.o ABSOLUTE
    ../clib/angel/rt.s                       0x00000000   Number         0  rt_heap_descriptor.o ABSOLUTE
    ../clib/angel/rt.s                       0x00000000   Number         0  rt_heap_descriptor_intlibspace.o ABSOLUTE
    ../clib/angel/rt.s                       0x00000000   Number         0  rt_locale.o ABSOLUTE
    ../clib/angel/rt.s                       0x00000000   Number         0  rt_locale_intlibspace.o ABSOLUTE
    ../clib/angel/rt.s                       0x00000000   Number         0  rt_errno_addr.o ABSOLUTE
    ../clib/angel/rt.s                       0x00000000   Number         0  rt_errno_addr_intlibspace.o ABSOLUTE
    ../clib/angel/rt.s                       0x00000000   Number         0  rt_raise.o ABSOLUTE
    ../clib/angel/scatter.s                  0x00000000   Number         0  __scatter.o ABSOLUTE
    ../clib/angel/startup.s                  0x00000000   Number         0  __main.o ABSOLUTE
    ../clib/angel/sys.s                      0x00000000   Number         0  mutex_dummy.o ABSOLUTE
    ../clib/angel/sys.s                      0x00000000   Number         0  use_no_semi.o ABSOLUTE
    ../clib/angel/sys.s                      0x00000000   Number         0  indicate_semi.o ABSOLUTE
    ../clib/angel/sys.s                      0x00000000   Number         0  libspace.o ABSOLUTE
    ../clib/angel/sys.s                      0x00000000   Number         0  sys_stackheap_outer.o ABSOLUTE
    ../clib/angel/sysapp.c                   0x00000000   Number         0  sys_io.o ABSOLUTE
    ../clib/angel/sysapp.c                   0x00000000   Number         0  sys_io_hlt.o ABSOLUTE
    ../clib/angel/sysapp.c                   0x00000000   Number         0  sys_command.o ABSOLUTE
    ../clib/angel/sysapp.c                   0x00000000   Number         0  sys_io_names.o ABSOLUTE
    ../clib/angel/sysapp.c                   0x00000000   Number         0  sys_command_hlt.o ABSOLUTE
    ../clib/angel/sysapp.c                   0x00000000   Number         0  sys_exit.o ABSOLUTE
    ../clib/angel/sysapp.c                   0x00000000   Number         0  sys_exit_hlt.o ABSOLUTE
    ../clib/angel/sysapp.c                   0x00000000   Number         0  sys_wrch.o ABSOLUTE
    ../clib/angel/sysapp.c                   0x00000000   Number         0  sys_wrch_hlt.o ABSOLUTE
    ../clib/armsys.c                         0x00000000   Number         0  _get_argv.o ABSOLUTE
    ../clib/armsys.c                         0x00000000   Number         0  argv_veneer.o ABSOLUTE
    ../clib/armsys.c                         0x00000000   Number         0  argv_veneer.o ABSOLUTE
    ../clib/armsys.c                         0x00000000   Number         0  _get_argv_nomalloc.o ABSOLUTE
    ../clib/armsys.c                         0x00000000   Number         0  no_argv.o ABSOLUTE
    ../clib/assert.c                         0x00000000   Number         0  assert_stdio.o ABSOLUTE
    ../clib/bigflt.c                         0x00000000   Number         0  bigflt0.o ABSOLUTE
    ../clib/btod.s                           0x00000000   Number         0  btod.o ABSOLUTE
    ../clib/btod_accurate.c                  0x00000000   Number         0  btod_accurate.o ABSOLUTE
    ../clib/btod_accurate.c                  0x00000000   Number         0  btod_accurate_common.o ABSOLUTE
    ../clib/heap1.c                          0x00000000   Number         0  h1_alloc.o ABSOLUTE
    ../clib/heap1.c                          0x00000000   Number         0  h1_free.o ABSOLUTE
    ../clib/heap1.c                          0x00000000   Number         0  h1_alloc_threads.o ABSOLUTE
    ../clib/heap1.c                          0x00000000   Number         0  h1_free_threads.o ABSOLUTE
    ../clib/heap1.c                          0x00000000   Number         0  h1_init.o ABSOLUTE
    ../clib/heap1.c                          0x00000000   Number         0  h1_init_threads.o ABSOLUTE
    ../clib/heap1.c                          0x00000000   Number         0  h1_extend.o ABSOLUTE
    ../clib/heap1.c                          0x00000000   Number         0  h1_extend_threads.o ABSOLUTE
    ../clib/heap1.c                          0x00000000   Number         0  h1_final.o ABSOLUTE
    ../clib/heap1.c                          0x00000000   Number         0  h1_final_threads.o ABSOLUTE
    ../clib/heap2.c                          0x00000000   Number         0  heap2.o ABSOLUTE
    ../clib/heap2.c                          0x00000000   Number         0  heap2_threads.o ABSOLUTE
    ../clib/heap2.c                          0x00000000   Number         0  fdtree.o ABSOLUTE
    ../clib/heapalloc.c                      0x00000000   Number         0  malloc.o ABSOLUTE
    ../clib/heapalloc.c                      0x00000000   Number         0  free.o ABSOLUTE
    ../clib/heapalloc.c                      0x00000000   Number         0  hguard.o ABSOLUTE
    ../clib/heapalloc.c                      0x00000000   Number         0  init_alloc.o ABSOLUTE
    ../clib/heapalloc.c                      0x00000000   Number         0  heapstubs.o ABSOLUTE
    ../clib/heapalloc.c                      0x00000000   Number         0  hrguard.o ABSOLUTE
    ../clib/heapalloc.c                      0x00000000   Number         0  term_alloc.o ABSOLUTE
    ../clib/heapaux.c                        0x00000000   Number         0  heapauxi.o ABSOLUTE
    ../clib/heapaux.c                        0x00000000   Number         0  heapauxa.o ABSOLUTE
    ../clib/libinit.s                        0x00000000   Number         0  libinit2.o ABSOLUTE
    ../clib/libinit.s                        0x00000000   Number         0  libinit.o ABSOLUTE
    ../clib/libinit.s                        0x00000000   Number         0  libshutdown2.o ABSOLUTE
    ../clib/libinit.s                        0x00000000   Number         0  libshutdown.o ABSOLUTE
    ../clib/locale.s                         0x00000000   Number         0  lc_numeric_c.o ABSOLUTE
    ../clib/longlong.s                       0x00000000   Number         0  lludiv10.o ABSOLUTE
    ../clib/longlong.s                       0x00000000   Number         0  llushr.o ABSOLUTE
    ../clib/maybe.s                          0x00000000   Number         0  maybetermalloc1.o ABSOLUTE
    ../clib/maybe.s                          0x00000000   Number         0  maybetermalloc2.o ABSOLUTE
    ../clib/memcpset.s                       0x00000000   Number         0  rt_memclr_w.o ABSOLUTE
    ../clib/memcpset.s                       0x00000000   Number         0  rt_memcpy_w.o ABSOLUTE
    ../clib/memcpset.s                       0x00000000   Number         0  strcmpv7em.o ABSOLUTE
    ../clib/memcpset.s                       0x00000000   Number         0  rt_memcpy_v6.o ABSOLUTE
    ../clib/misc.s                           0x00000000   Number         0  printf_stubs.o ABSOLUTE
    ../clib/printf.c                         0x00000000   Number         0  __2printf.o ABSOLUTE
    ../clib/printf.c                         0x00000000   Number         0  __2sprintf.o ABSOLUTE
    ../clib/printf.c                         0x00000000   Number         0  noretval__2printf.o ABSOLUTE
    ../clib/printf.c                         0x00000000   Number         0  noretval__2sprintf.o ABSOLUTE
    ../clib/printf.c                         0x00000000   Number         0  __printf.o ABSOLUTE
    ../clib/printf.c                         0x00000000   Number         0  __printf_flags.o ABSOLUTE
    ../clib/printf.c                         0x00000000   Number         0  __printf_ss.o ABSOLUTE
    ../clib/printf.c                         0x00000000   Number         0  __printf_flags_ss.o ABSOLUTE
    ../clib/printf.c                         0x00000000   Number         0  __printf_wp.o ABSOLUTE
    ../clib/printf.c                         0x00000000   Number         0  __printf_flags_wp.o ABSOLUTE
    ../clib/printf.c                         0x00000000   Number         0  __printf_ss_wp.o ABSOLUTE
    ../clib/printf.c                         0x00000000   Number         0  __printf_flags_ss_wp.o ABSOLUTE
    ../clib/printf.c                         0x00000000   Number         0  _printf_fp_dec.o ABSOLUTE
    ../clib/printf.c                         0x00000000   Number         0  _printf_fp_dec_accurate.o ABSOLUTE
    ../clib/printf.c                         0x00000000   Number         0  _printf_char_common.o ABSOLUTE
    ../clib/printf.c                         0x00000000   Number         0  _sputc.o ABSOLUTE
    ../clib/printf.c                         0x00000000   Number         0  _printf_char_file.o ABSOLUTE
    ../clib/printf.c                         0x00000000   Number         0  _printf_fp_infnan.o ABSOLUTE
    ../clib/printf.c                         0x00000000   Number         0  __printf_nopercent.o ABSOLUTE
    ../clib/printf.c                         0x00000000   Number         0  _printf_char_file_locked.o ABSOLUTE
    ../clib/printf_percent.s                 0x00000000   Number         0  _printf_f.o ABSOLUTE
    ../clib/printf_percent.s                 0x00000000   Number         0  _printf_percent.o ABSOLUTE
    ../clib/printf_percent.s                 0x00000000   Number         0  _printf_percent_end.o ABSOLUTE
    ../clib/signal.c                         0x00000000   Number         0  defsig_rtred_outer.o ABSOLUTE
    ../clib/signal.c                         0x00000000   Number         0  defsig_rtred_formal.o ABSOLUTE
    ../clib/signal.c                         0x00000000   Number         0  defsig_rtmem_outer.o ABSOLUTE
    ../clib/signal.c                         0x00000000   Number         0  defsig_rtmem_formal.o ABSOLUTE
    ../clib/signal.c                         0x00000000   Number         0  defsig_exit.o ABSOLUTE
    ../clib/signal.c                         0x00000000   Number         0  defsig_rtred_inner.o ABSOLUTE
    ../clib/signal.c                         0x00000000   Number         0  defsig_rtmem_inner.o ABSOLUTE
    ../clib/signal.c                         0x00000000   Number         0  __raise.o ABSOLUTE
    ../clib/signal.c                         0x00000000   Number         0  defsig_general.o ABSOLUTE
    ../clib/signal.c                         0x00000000   Number         0  defsig_abrt_inner.o ABSOLUTE
    ../clib/signal.c                         0x00000000   Number         0  defsig_fpe_inner.o ABSOLUTE
    ../clib/signal.c                         0x00000000   Number         0  defsig_stak_inner.o ABSOLUTE
    ../clib/signal.c                         0x00000000   Number         0  defsig_pvfn_inner.o ABSOLUTE
    ../clib/signal.c                         0x00000000   Number         0  defsig_cppl_inner.o ABSOLUTE
    ../clib/signal.c                         0x00000000   Number         0  defsig_segv_inner.o ABSOLUTE
    ../clib/signal.c                         0x00000000   Number         0  defsig_other.o ABSOLUTE
    ../clib/signal.s                         0x00000000   Number         0  defsig.o ABSOLUTE
    ../clib/stdio.c                          0x00000000   Number         0  fopen.o ABSOLUTE
    ../clib/stdio.c                          0x00000000   Number         0  fclose.o ABSOLUTE
    ../clib/stdio.c                          0x00000000   Number         0  fclose_locked.o ABSOLUTE
    ../clib/stdio.c                          0x00000000   Number         0  fopen_locked.o ABSOLUTE
    ../clib/stdio.c                          0x00000000   Number         0  fseek.o ABSOLUTE
    ../clib/stdio.c                          0x00000000   Number         0  stdio.o ABSOLUTE
    ../clib/stdio.c                          0x00000000   Number         0  streamlock.o ABSOLUTE
    ../clib/stdio.c                          0x00000000   Number         0  stdio_streams.o ABSOLUTE
    ../clib/stdio.c                          0x00000000   Number         0  ferror.o ABSOLUTE
    ../clib/stdio.c                          0x00000000   Number         0  fputc.o ABSOLUTE
    ../clib/stdio.c                          0x00000000   Number         0  ftell.o ABSOLUTE
    ../clib/stdio.c                          0x00000000   Number         0  initio.o ABSOLUTE
    ../clib/stdio.c                          0x00000000   Number         0  fputc_locked.o ABSOLUTE
    ../clib/stdio.c                          0x00000000   Number         0  ferror_locked.o ABSOLUTE
    ../clib/stdio.c                          0x00000000   Number         0  initio_locked.o ABSOLUTE
    ../clib/stdio.c                          0x00000000   Number         0  flsbuf.o ABSOLUTE
    ../clib/stdio.c                          0x00000000   Number         0  setvbuf.o ABSOLUTE
    ../clib/stdio.c                          0x00000000   Number         0  setvbuf_locked.o ABSOLUTE
    ../clib/stdio.c                          0x00000000   Number         0  fwritefast.o ABSOLUTE
    ../clib/stdio.c                          0x00000000   Number         0  fwritefast_locked.o ABSOLUTE
    ../clib/stdio.c                          0x00000000   Number         0  fflush.o ABSOLUTE
    ../clib/stdio.c                          0x00000000   Number         0  fputs.o ABSOLUTE
    ../clib/stdio.c                          0x00000000   Number         0  fputs_locked.o ABSOLUTE
    ../clib/stdio.c                          0x00000000   Number         0  fflush_locked.o ABSOLUTE
    ../clib/stdlib.c                         0x00000000   Number         0  exit.o ABSOLUTE
    ../clib/string.c                         0x00000000   Number         0  strlen.o ABSOLUTE
    ../clib/wchar.c                          0x00000000   Number         0  flsbuf_fwide.o ABSOLUTE
    ../fplib/daddsub.s                       0x00000000   Number         0  daddsub_clz.o ABSOLUTE
    ../fplib/ddiv.s                          0x00000000   Number         0  ddiv.o ABSOLUTE
    ../fplib/dflt.s                          0x00000000   Number         0  dflt_clz.o ABSOLUTE
    ../fplib/dmul.s                          0x00000000   Number         0  dmul.o ABSOLUTE
    ../fplib/dnaninf.s                       0x00000000   Number         0  dnaninf.o ABSOLUTE
    ../fplib/dretinf.s                       0x00000000   Number         0  dretinf.o ABSOLUTE
    ../fplib/fpinit.s                        0x00000000   Number         0  fpinit.o ABSOLUTE
    ../fplib/istatus.s                       0x00000000   Number         0  istatus.o ABSOLUTE
    ../fplib/printf1.s                       0x00000000   Number         0  printf1.o ABSOLUTE
    ../fplib/usenofp.s                       0x00000000   Number         0  usenofp.o ABSOLUTE
    ../mathlib/fpclassify.c                  0x00000000   Number         0  fpclassify.o ABSOLUTE
    RTE/Device/STM32F446RETx/startup_stm32f446xx.s 0x00000000   Number         0  startup_stm32f446xx.o ABSOLUTE
    SD.c                                     0x00000000   Number         0  sd.o ABSOLUTE
    dc.s                                     0x00000000   Number         0  dc.o ABSOLUTE
    system_stm32f4xx.c                       0x00000000   Number         0  system_stm32f4xx.o ABSOLUTE
    RESET                                    0x08000000   Section      452  startup_stm32f446xx.o(RESET)
    !!!main                                  0x080001c4   Section        8  __main.o(!!!main)
    !!!scatter                               0x080001cc   Section       52  __scatter.o(!!!scatter)
    !!handler_zi                             0x08000200   Section       28  __scatter_zi.o(!!handler_zi)
    .ARM.Collect$$_printf_percent$$00000000  0x0800021c   Section        0  _printf_percent.o(.ARM.Collect$$_printf_percent$$00000000)
    .ARM.Collect$$_printf_percent$$00000003  0x0800021c   Section        6  _printf_f.o(.ARM.Collect$$_printf_percent$$00000003)
    .ARM.Collect$$_printf_percent$$00000017  0x08000222   Section        4  _printf_percent_end.o(.ARM.Collect$$_printf_percent$$00000017)
    .ARM.Collect$$libinit$$00000000          0x08000226   Section        2  libinit.o(.ARM.Collect$$libinit$$00000000)
    .ARM.Collect$$libinit$$00000001          0x08000228   Section        4  libinit2.o(.ARM.Collect$$libinit$$00000001)
    .ARM.Collect$$libinit$$00000004          0x0800022c   Section        0  libinit2.o(.ARM.Collect$$libinit$$00000004)
    .ARM.Collect$$libinit$$0000000A          0x0800022c   Section        0  libinit2.o(.ARM.Collect$$libinit$$0000000A)
    .ARM.Collect$$libinit$$0000000C          0x0800022c   Section        0  libinit2.o(.ARM.Collect$$libinit$$0000000C)
    .ARM.Collect$$libinit$$0000000E          0x0800022c   Section        0  libinit2.o(.ARM.Collect$$libinit$$0000000E)
    .ARM.Collect$$libinit$$0000000F          0x0800022c   Section        6  libinit2.o(.ARM.Collect$$libinit$$0000000F)
    .ARM.Collect$$libinit$$00000011          0x08000232   Section        0  libinit2.o(.ARM.Collect$$libinit$$00000011)
    .ARM.Collect$$libinit$$00000013          0x08000232   Section        0  libinit2.o(.ARM.Collect$$libinit$$00000013)
    .ARM.Collect$$libinit$$00000015          0x08000232   Section        0  libinit2.o(.ARM.Collect$$libinit$$00000015)
    .ARM.Collect$$libinit$$00000016          0x08000232   Section       10  libinit2.o(.ARM.Collect$$libinit$$00000016)
    .ARM.Collect$$libinit$$00000017          0x0800023c   Section        0  libinit2.o(.ARM.Collect$$libinit$$00000017)
    .ARM.Collect$$libinit$$00000019          0x0800023c   Section        0  libinit2.o(.ARM.Collect$$libinit$$00000019)
    .ARM.Collect$$libinit$$0000001B          0x0800023c   Section        0  libinit2.o(.ARM.Collect$$libinit$$0000001B)
    .ARM.Collect$$libinit$$0000001D          0x0800023c   Section        0  libinit2.o(.ARM.Collect$$libinit$$0000001D)
    .ARM.Collect$$libinit$$0000001F          0x0800023c   Section        0  libinit2.o(.ARM.Collect$$libinit$$0000001F)
    .ARM.Collect$$libinit$$00000021          0x0800023c   Section        0  libinit2.o(.ARM.Collect$$libinit$$00000021)
    .ARM.Collect$$libinit$$00000023          0x0800023c   Section        0  libinit2.o(.ARM.Collect$$libinit$$00000023)
    .ARM.Collect$$libinit$$00000025          0x0800023c   Section        0  libinit2.o(.ARM.Collect$$libinit$$00000025)
    .ARM.Collect$$libinit$$0000002C          0x0800023c   Section        0  libinit2.o(.ARM.Collect$$libinit$$0000002C)
    .ARM.Collect$$libinit$$0000002E          0x0800023c   Section        0  libinit2.o(.ARM.Collect$$libinit$$0000002E)
    .ARM.Collect$$libinit$$00000030          0x0800023c   Section        0  libinit2.o(.ARM.Collect$$libinit$$00000030)
    .ARM.Collect$$libinit$$00000032          0x0800023c   Section        0  libinit2.o(.ARM.Collect$$libinit$$00000032)
    .ARM.Collect$$libinit$$00000033          0x0800023c   Section        2  libinit2.o(.ARM.Collect$$libinit$$00000033)
    .ARM.Collect$$libshutdown$$00000000      0x0800023e   Section        2  libshutdown.o(.ARM.Collect$$libshutdown$$00000000)
    .ARM.Collect$$libshutdown$$00000002      0x08000240   Section        0  libshutdown2.o(.ARM.Collect$$libshutdown$$00000002)
    .ARM.Collect$$libshutdown$$00000004      0x08000240   Section        0  libshutdown2.o(.ARM.Collect$$libshutdown$$00000004)
    .ARM.Collect$$libshutdown$$00000007      0x08000240   Section        0  libshutdown2.o(.ARM.Collect$$libshutdown$$00000007)
    .ARM.Collect$$libshutdown$$0000000A      0x08000240   Section        0  libshutdown2.o(.ARM.Collect$$libshutdown$$0000000A)
    .ARM.Collect$$libshutdown$$0000000C      0x08000240   Section        0  libshutdown2.o(.ARM.Collect$$libshutdown$$0000000C)
    .ARM.Collect$$libshutdown$$0000000F      0x08000240   Section        0  libshutdown2.o(.ARM.Collect$$libshutdown$$0000000F)
    .ARM.Collect$$libshutdown$$00000010      0x08000240   Section        2  libshutdown2.o(.ARM.Collect$$libshutdown$$00000010)
    .ARM.Collect$$rtentry$$00000000          0x08000242   Section        0  __rtentry.o(.ARM.Collect$$rtentry$$00000000)
    .ARM.Collect$$rtentry$$00000002          0x08000242   Section        0  __rtentry2.o(.ARM.Collect$$rtentry$$00000002)
    .ARM.Collect$$rtentry$$00000004          0x08000242   Section        6  __rtentry4.o(.ARM.Collect$$rtentry$$00000004)
    .ARM.Collect$$rtentry$$00000009          0x08000248   Section        0  __rtentry2.o(.ARM.Collect$$rtentry$$00000009)
    .ARM.Collect$$rtentry$$0000000A          0x08000248   Section        4  __rtentry2.o(.ARM.Collect$$rtentry$$0000000A)
    .ARM.Collect$$rtentry$$0000000C          0x0800024c   Section        0  __rtentry2.o(.ARM.Collect$$rtentry$$0000000C)
    .ARM.Collect$$rtentry$$0000000D          0x0800024c   Section        8  __rtentry2.o(.ARM.Collect$$rtentry$$0000000D)
    .ARM.Collect$$rtexit$$00000000           0x08000254   Section        2  rtexit.o(.ARM.Collect$$rtexit$$00000000)
    .ARM.Collect$$rtexit$$00000002           0x08000256   Section        0  rtexit2.o(.ARM.Collect$$rtexit$$00000002)
    .ARM.Collect$$rtexit$$00000003           0x08000256   Section        4  rtexit2.o(.ARM.Collect$$rtexit$$00000003)
    .ARM.Collect$$rtexit$$00000004           0x0800025a   Section        6  rtexit2.o(.ARM.Collect$$rtexit$$00000004)
    $v0                                      0x08000260   Number         0  startup_stm32f446xx.o(.text)
    .text                                    0x08000260   Section       64  startup_stm32f446xx.o(.text)
    .text                                    0x080002a0   Section        0  noretval__2sprintf.o(.text)
    .text                                    0x080002c8   Section        0  __printf_ss.o(.text)
    .text                                    0x08000380   Section        0  heapauxi.o(.text)
    _fp_digits                               0x08000387   Thumb Code   432  _printf_fp_dec.o(.text)
    .text                                    0x08000386   Section        0  _printf_fp_dec.o(.text)
    _printf_input_char                       0x080007a5   Thumb Code    10  _printf_char_common.o(.text)
    .text                                    0x080007a4   Section        0  _printf_char_common.o(.text)
    .text                                    0x080007d4   Section        0  _sputc.o(.text)
    .text                                    0x080007de   Section        2  use_no_semi.o(.text)
    .text                                    0x080007e0   Section        0  indicate_semi.o(.text)
    .text                                    0x080007e0   Section        8  rt_locale_intlibspace.o(.text)
    .text                                    0x080007e8   Section      138  lludiv10.o(.text)
    .text                                    0x08000874   Section        0  _printf_fp_infnan.o(.text)
    .text                                    0x080008f4   Section        0  bigflt0.o(.text)
    .text                                    0x080009d8   Section        8  libspace.o(.text)
    .text                                    0x080009e0   Section       74  sys_stackheap_outer.o(.text)
    .text                                    0x08000a2a   Section        0  exit.o(.text)
    .text                                    0x08000a40   Section      124  strcmpv7em.o(.text)
    .text                                    0x08000abc   Section        0  sys_exit.o(.text)
    [Anonymous Symbol]                       0x08000ac8   Section        0  sd.o(.text.LCD_command)
    [Anonymous Symbol]                       0x08000af0   Section        0  sd.o(.text.LCD_data)
    [Anonymous Symbol]                       0x08000b10   Section        0  sd.o(.text.LCD_init)
    [Anonymous Symbol]                       0x08000b70   Section        0  sd.o(.text.LCD_nibble_write)
    [Anonymous Symbol]                       0x08000ba8   Section        0  sd.o(.text.PORTS_init)
    [Anonymous Symbol]                       0x08000bf8   Section        0  system_stm32f4xx.o(.text.SystemInit)
    [Anonymous Symbol]                       0x08000c50   Section        0  sd.o(.text.delayMs)
    [Anonymous Symbol]                       0x08000c88   Section        0  sd.o(.text.main)
    CL$$btod_d2e                             0x08000f40   Section       62  btod.o(CL$$btod_d2e)
    CL$$btod_d2e_denorm_low                  0x08000f7e   Section       70  btod.o(CL$$btod_d2e_denorm_low)
    CL$$btod_d2e_norm_op1                    0x08000fc4   Section       96  btod.o(CL$$btod_d2e_norm_op1)
    CL$$btod_div_common                      0x08001024   Section      824  btod.o(CL$$btod_div_common)
    CL$$btod_e2e                             0x0800135c   Section      220  btod.o(CL$$btod_e2e)
    CL$$btod_ediv                            0x08001438   Section       42  btod.o(CL$$btod_ediv)
    CL$$btod_emul                            0x08001462   Section       42  btod.o(CL$$btod_emul)
    CL$$btod_mult_common                     0x0800148c   Section      580  btod.o(CL$$btod_mult_common)
    i.__ARM_fpclassify                       0x080016d0   Section        0  fpclassify.o(i.__ARM_fpclassify)
    locale$$code                             0x08001700   Section       44  lc_numeric_c.o(locale$$code)
    $v0                                      0x0800172c   Number         0  daddsub_clz.o(x$fpl$dadd)
    x$fpl$dadd                               0x0800172c   Section      336  daddsub_clz.o(x$fpl$dadd)
    _dadd1                                   0x0800173d   Thumb Code     0  daddsub_clz.o(x$fpl$dadd)
    $v0                                      0x0800187c   Number         0  ddiv.o(x$fpl$ddiv)
    x$fpl$ddiv                               0x0800187c   Section      688  ddiv.o(x$fpl$ddiv)
    ddiv_entry                               0x08001883   Thumb Code     0  ddiv.o(x$fpl$ddiv)
    $v0                                      0x08001b2c   Number         0  dflt_clz.o(x$fpl$dfltu)
    x$fpl$dfltu                              0x08001b2c   Section       38  dflt_clz.o(x$fpl$dfltu)
    $v0                                      0x08001b54   Number         0  dmul.o(x$fpl$dmul)
    x$fpl$dmul                               0x08001b54   Section      340  dmul.o(x$fpl$dmul)
    $v0                                      0x08001ca8   Number         0  dnaninf.o(x$fpl$dnaninf)
    x$fpl$dnaninf                            0x08001ca8   Section      156  dnaninf.o(x$fpl$dnaninf)
    $v0                                      0x08001d44   Number         0  dretinf.o(x$fpl$dretinf)
    x$fpl$dretinf                            0x08001d44   Section       12  dretinf.o(x$fpl$dretinf)
    $v0                                      0x08001d50   Number         0  daddsub_clz.o(x$fpl$dsub)
    x$fpl$dsub                               0x08001d50   Section      468  daddsub_clz.o(x$fpl$dsub)
    _dsub1                                   0x08001d61   Thumb Code     0  daddsub_clz.o(x$fpl$dsub)
    $v0                                      0x08001f24   Number         0  fpinit.o(x$fpl$fpinit)
    x$fpl$fpinit                             0x08001f24   Section       26  fpinit.o(x$fpl$fpinit)
    $v0                                      0x08001f3e   Number         0  printf1.o(x$fpl$printf1)
    x$fpl$printf1                            0x08001f3e   Section        4  printf1.o(x$fpl$printf1)
    x$fpl$usenofp                            0x08001f42   Section        0  usenofp.o(x$fpl$usenofp)
    tenpwrs_x                                0x08001f44   Data          60  bigflt0.o(.constdata)
    .constdata                               0x08001f44   Section      148  bigflt0.o(.constdata)
    tenpwrs_i                                0x08001f80   Data          64  bigflt0.o(.constdata)
    .L.str                                   0x08001fd8   Data           3  sd.o(.rodata.str1.1)
    [Anonymous Symbol]                       0x08001fd8   Section        0  sd.o(.rodata.str1.1)
    locale$$data                             0x08001fec   Section       28  lc_numeric_c.o(locale$$data)
    __lcnum_c_name                           0x08001ff0   Data           2  lc_numeric_c.o(locale$$data)
    __lcnum_c_start                          0x08001ff8   Data           0  lc_numeric_c.o(locale$$data)
    __lcnum_c_point                          0x08002004   Data           0  lc_numeric_c.o(locale$$data)
    __lcnum_c_thousands                      0x08002006   Data           0  lc_numeric_c.o(locale$$data)
    __lcnum_c_grouping                       0x08002007   Data           0  lc_numeric_c.o(locale$$data)
    __lcnum_c_end                            0x08002008   Data           0  lc_numeric_c.o(locale$$data)
    .bss                                     0x20000000   Section       96  libspace.o(.bss)
    Heap_Mem                                 0x20000060   Data         512  startup_stm32f446xx.o(HEAP)
    HEAP                                     0x20000060   Section      512  startup_stm32f446xx.o(HEAP)
    Stack_Mem                                0x20000260   Data        1024  startup_stm32f446xx.o(STACK)
    STACK                                    0x20000260   Section     1024  startup_stm32f446xx.o(STACK)
    __initial_sp                             0x20000660   Data           0  startup_stm32f446xx.o(STACK)

    Global Symbols

    Symbol Name                              Value     Ov Type        Size  Object(Section)

    BuildAttributes$$THM_ISAv4$E$P$D$K$B$S$7EM$VFPi3$EXTD16$VFPS$VFMA$PE$A:L22UL41UL21$X:L11$S22US41US21$IEEE1$IW$~IW$USESV6$~STKCKD$USESV7$~SHL$OTIME$ROPI$IEEEJ$EBA8$UX$STANDARDLIB$REQ8$PRES8$EABIv2 0x00000000   Number         0  anon$$obj.o ABSOLUTE
    _printf_flags                            0x00000000   Number         0  printf_stubs.o ABSOLUTE
    _printf_return_value                     0x00000000   Number         0  printf_stubs.o ABSOLUTE
    _printf_sizespec                         0x00000000   Number         0  printf_stubs.o ABSOLUTE
    _printf_widthprec                        0x00000000   Number         0  printf_stubs.o ABSOLUTE
    __ARM_exceptions_init                     - Undefined Weak Reference
    __alloca_initialize                       - Undefined Weak Reference
    __arm_preinit_                            - Undefined Weak Reference
    __cpp_initialize__aeabi_                  - Undefined Weak Reference
    __cxa_finalize                            - Undefined Weak Reference
    __sigvec_lookup                           - Undefined Weak Reference
    __user_heap_extent                        - Undefined Weak Reference
    _atexit_init                              - Undefined Weak Reference
    _call_atexit_fns                          - Undefined Weak Reference
    _clock_init                               - Undefined Weak Reference
    _fp_trap_init                             - Undefined Weak Reference
    _fp_trap_shutdown                         - Undefined Weak Reference
    _get_lc_collate                           - Undefined Weak Reference
    _get_lc_ctype                             - Undefined Weak Reference
    _get_lc_monetary                          - Undefined Weak Reference
    _get_lc_time                              - Undefined Weak Reference
    _getenv_init                              - Undefined Weak Reference
    _handle_redirection                       - Undefined Weak Reference
    _mutex_acquire                            - Undefined Weak Reference
    _mutex_free                               - Undefined Weak Reference
    _mutex_release                            - Undefined Weak Reference
    _printf_post_padding                      - Undefined Weak Reference
    _printf_pre_padding                       - Undefined Weak Reference
    _rand_init                                - Undefined Weak Reference
    _signal_finish                            - Undefined Weak Reference
    _signal_init                              - Undefined Weak Reference
    __Vectors_Size                           0x000001c4   Number         0  startup_stm32f446xx.o ABSOLUTE
    __Vectors                                0x08000000   Data           4  startup_stm32f446xx.o(RESET)
    __Vectors_End                            0x080001c4   Data           0  startup_stm32f446xx.o(RESET)
    __main                                   0x080001c5   Thumb Code     8  __main.o(!!!main)
    __scatterload                            0x080001cd   Thumb Code     0  __scatter.o(!!!scatter)
    __scatterload_rt2                        0x080001cd   Thumb Code    44  __scatter.o(!!!scatter)
    __scatterload_rt2_thumb_only             0x080001cd   Thumb Code     0  __scatter.o(!!!scatter)
    __scatterload_null                       0x080001db   Thumb Code     0  __scatter.o(!!!scatter)
    __scatterload_zeroinit                   0x08000201   Thumb Code    28  __scatter_zi.o(!!handler_zi)
    _printf_f                                0x0800021d   Thumb Code     0  _printf_f.o(.ARM.Collect$$_printf_percent$$00000003)
    _printf_percent                          0x0800021d   Thumb Code     0  _printf_percent.o(.ARM.Collect$$_printf_percent$$00000000)
    _printf_percent_end                      0x08000223   Thumb Code     0  _printf_percent_end.o(.ARM.Collect$$_printf_percent$$00000017)
    __rt_lib_init                            0x08000227   Thumb Code     0  libinit.o(.ARM.Collect$$libinit$$00000000)
    __rt_lib_init_fp_1                       0x08000229   Thumb Code     0  libinit2.o(.ARM.Collect$$libinit$$00000001)
    __rt_lib_init_heap_1                     0x0800022d   Thumb Code     0  libinit2.o(.ARM.Collect$$libinit$$0000000A)
    __rt_lib_init_lc_common                  0x0800022d   Thumb Code     0  libinit2.o(.ARM.Collect$$libinit$$0000000F)
    __rt_lib_init_preinit_1                  0x0800022d   Thumb Code     0  libinit2.o(.ARM.Collect$$libinit$$00000004)
    __rt_lib_init_rand_1                     0x0800022d   Thumb Code     0  libinit2.o(.ARM.Collect$$libinit$$0000000E)
    __rt_lib_init_user_alloc_1               0x0800022d   Thumb Code     0  libinit2.o(.ARM.Collect$$libinit$$0000000C)
    __rt_lib_init_lc_collate_1               0x08000233   Thumb Code     0  libinit2.o(.ARM.Collect$$libinit$$00000011)
    __rt_lib_init_lc_ctype_1                 0x08000233   Thumb Code     0  libinit2.o(.ARM.Collect$$libinit$$00000013)
    __rt_lib_init_lc_monetary_1              0x08000233   Thumb Code     0  libinit2.o(.ARM.Collect$$libinit$$00000015)
    __rt_lib_init_lc_numeric_2               0x08000233   Thumb Code     0  libinit2.o(.ARM.Collect$$libinit$$00000016)
    __rt_lib_init_alloca_1                   0x0800023d   Thumb Code     0  libinit2.o(.ARM.Collect$$libinit$$0000002E)
    __rt_lib_init_argv_1                     0x0800023d   Thumb Code     0  libinit2.o(.ARM.Collect$$libinit$$0000002C)
    __rt_lib_init_atexit_1                   0x0800023d   Thumb Code     0  libinit2.o(.ARM.Collect$$libinit$$0000001B)
    __rt_lib_init_clock_1                    0x0800023d   Thumb Code     0  libinit2.o(.ARM.Collect$$libinit$$00000021)
    __rt_lib_init_cpp_1                      0x0800023d   Thumb Code     0  libinit2.o(.ARM.Collect$$libinit$$00000032)
    __rt_lib_init_exceptions_1               0x0800023d   Thumb Code     0  libinit2.o(.ARM.Collect$$libinit$$00000030)
    __rt_lib_init_fp_trap_1                  0x0800023d   Thumb Code     0  libinit2.o(.ARM.Collect$$libinit$$0000001F)
    __rt_lib_init_getenv_1                   0x0800023d   Thumb Code     0  libinit2.o(.ARM.Collect$$libinit$$00000023)
    __rt_lib_init_lc_numeric_1               0x0800023d   Thumb Code     0  libinit2.o(.ARM.Collect$$libinit$$00000017)
    __rt_lib_init_lc_time_1                  0x0800023d   Thumb Code     0  libinit2.o(.ARM.Collect$$libinit$$00000019)
    __rt_lib_init_return                     0x0800023d   Thumb Code     0  libinit2.o(.ARM.Collect$$libinit$$00000033)
    __rt_lib_init_signal_1                   0x0800023d   Thumb Code     0  libinit2.o(.ARM.Collect$$libinit$$0000001D)
    __rt_lib_init_stdio_1                    0x0800023d   Thumb Code     0  libinit2.o(.ARM.Collect$$libinit$$00000025)
    __rt_lib_shutdown                        0x0800023f   Thumb Code     0  libshutdown.o(.ARM.Collect$$libshutdown$$00000000)
    __rt_lib_shutdown_cpp_1                  0x08000241   Thumb Code     0  libshutdown2.o(.ARM.Collect$$libshutdown$$00000002)
    __rt_lib_shutdown_fp_trap_1              0x08000241   Thumb Code     0  libshutdown2.o(.ARM.Collect$$libshutdown$$00000007)
    __rt_lib_shutdown_heap_1                 0x08000241   Thumb Code     0  libshutdown2.o(.ARM.Collect$$libshutdown$$0000000F)
    __rt_lib_shutdown_return                 0x08000241   Thumb Code     0  libshutdown2.o(.ARM.Collect$$libshutdown$$00000010)
    __rt_lib_shutdown_signal_1               0x08000241   Thumb Code     0  libshutdown2.o(.ARM.Collect$$libshutdown$$0000000A)
    __rt_lib_shutdown_stdio_1                0x08000241   Thumb Code     0  libshutdown2.o(.ARM.Collect$$libshutdown$$00000004)
    __rt_lib_shutdown_user_alloc_1           0x08000241   Thumb Code     0  libshutdown2.o(.ARM.Collect$$libshutdown$$0000000C)
    __rt_entry                               0x08000243   Thumb Code     0  __rtentry.o(.ARM.Collect$$rtentry$$00000000)
    __rt_entry_presh_1                       0x08000243   Thumb Code     0  __rtentry2.o(.ARM.Collect$$rtentry$$00000002)
    __rt_entry_sh                            0x08000243   Thumb Code     0  __rtentry4.o(.ARM.Collect$$rtentry$$00000004)
    __rt_entry_li                            0x08000249   Thumb Code     0  __rtentry2.o(.ARM.Collect$$rtentry$$0000000A)
    __rt_entry_postsh_1                      0x08000249   Thumb Code     0  __rtentry2.o(.ARM.Collect$$rtentry$$00000009)
    __rt_entry_main                          0x0800024d   Thumb Code     0  __rtentry2.o(.ARM.Collect$$rtentry$$0000000D)
    __rt_entry_postli_1                      0x0800024d   Thumb Code     0  __rtentry2.o(.ARM.Collect$$rtentry$$0000000C)
    __rt_exit                                0x08000255   Thumb Code     0  rtexit.o(.ARM.Collect$$rtexit$$00000000)
    __rt_exit_ls                             0x08000257   Thumb Code     0  rtexit2.o(.ARM.Collect$$rtexit$$00000003)
    __rt_exit_prels_1                        0x08000257   Thumb Code     0  rtexit2.o(.ARM.Collect$$rtexit$$00000002)
    __rt_exit_exit                           0x0800025b   Thumb Code     0  rtexit2.o(.ARM.Collect$$rtexit$$00000004)
    Reset_Handler                            0x08000261   Thumb Code     8  startup_stm32f446xx.o(.text)
    NMI_Handler                              0x08000269   Thumb Code     2  startup_stm32f446xx.o(.text)
    HardFault_Handler                        0x0800026b   Thumb Code     2  startup_stm32f446xx.o(.text)
    MemManage_Handler                        0x0800026d   Thumb Code     2  startup_stm32f446xx.o(.text)
    BusFault_Handler                         0x0800026f   Thumb Code     2  startup_stm32f446xx.o(.text)
    UsageFault_Handler                       0x08000271   Thumb Code     2  startup_stm32f446xx.o(.text)
    SVC_Handler                              0x08000273   Thumb Code     2  startup_stm32f446xx.o(.text)
    DebugMon_Handler                         0x08000275   Thumb Code     2  startup_stm32f446xx.o(.text)
    PendSV_Handler                           0x08000277   Thumb Code     2  startup_stm32f446xx.o(.text)
    SysTick_Handler                          0x08000279   Thumb Code     2  startup_stm32f446xx.o(.text)
    ADC_IRQHandler                           0x0800027b   Thumb Code     0  startup_stm32f446xx.o(.text)
    CAN1_RX0_IRQHandler                      0x0800027b   Thumb Code     0  startup_stm32f446xx.o(.text)
    CAN1_RX1_IRQHandler                      0x0800027b   Thumb Code     0  startup_stm32f446xx.o(.text)
    CAN1_SCE_IRQHandler                      0x0800027b   Thumb Code     0  startup_stm32f446xx.o(.text)
    CAN1_TX_IRQHandler                       0x0800027b   Thumb Code     0  startup_stm32f446xx.o(.text)
    CAN2_RX0_IRQHandler                      0x0800027b   Thumb Code     0  startup_stm32f446xx.o(.text)
    CAN2_RX1_IRQHandler                      0x0800027b   Thumb Code     0  startup_stm32f446xx.o(.text)
    CAN2_SCE_IRQHandler                      0x0800027b   Thumb Code     0  startup_stm32f446xx.o(.text)
    CAN2_TX_IRQHandler                       0x0800027b   Thumb Code     0  startup_stm32f446xx.o(.text)
    CEC_IRQHandler                           0x0800027b   Thumb Code     0  startup_stm32f446xx.o(.text)
    DCMI_IRQHandler                          0x0800027b   Thumb Code     0  startup_stm32f446xx.o(.text)
    DMA1_Stream0_IRQHandler                  0x0800027b   Thumb Code     0  startup_stm32f446xx.o(.text)
    DMA1_Stream1_IRQHandler                  0x0800027b   Thumb Code     0  startup_stm32f446xx.o(.text)
    DMA1_Stream2_IRQHandler                  0x0800027b   Thumb Code     0  startup_stm32f446xx.o(.text)
    DMA1_Stream3_IRQHandler                  0x0800027b   Thumb Code     0  startup_stm32f446xx.o(.text)
    DMA1_Stream4_IRQHandler                  0x0800027b   Thumb Code     0  startup_stm32f446xx.o(.text)
    DMA1_Stream5_IRQHandler                  0x0800027b   Thumb Code     0  startup_stm32f446xx.o(.text)
    DMA1_Stream6_IRQHandler                  0x0800027b   Thumb Code     0  startup_stm32f446xx.o(.text)
    DMA1_Stream7_IRQHandler                  0x0800027b   Thumb Code     0  startup_stm32f446xx.o(.text)
    DMA2_Stream0_IRQHandler                  0x0800027b   Thumb Code     0  startup_stm32f446xx.o(.text)
    DMA2_Stream1_IRQHandler                  0x0800027b   Thumb Code     0  startup_stm32f446xx.o(.text)
    DMA2_Stream2_IRQHandler                  0x0800027b   Thumb Code     0  startup_stm32f446xx.o(.text)
    DMA2_Stream3_IRQHandler                  0x0800027b   Thumb Code     0  startup_stm32f446xx.o(.text)
    DMA2_Stream4_IRQHandler                  0x0800027b   Thumb Code     0  startup_stm32f446xx.o(.text)
    DMA2_Stream5_IRQHandler                  0x0800027b   Thumb Code     0  startup_stm32f446xx.o(.text)
    DMA2_Stream6_IRQHandler                  0x0800027b   Thumb Code     0  startup_stm32f446xx.o(.text)
    DMA2_Stream7_IRQHandler                  0x0800027b   Thumb Code     0  startup_stm32f446xx.o(.text)
    EXTI0_IRQHandler                         0x0800027b   Thumb Code     0  startup_stm32f446xx.o(.text)
    EXTI15_10_IRQHandler                     0x0800027b   Thumb Code     0  startup_stm32f446xx.o(.text)
    EXTI1_IRQHandler                         0x0800027b   Thumb Code     0  startup_stm32f446xx.o(.text)
    EXTI2_IRQHandler                         0x0800027b   Thumb Code     0  startup_stm32f446xx.o(.text)
    EXTI3_IRQHandler                         0x0800027b   Thumb Code     0  startup_stm32f446xx.o(.text)
    EXTI4_IRQHandler                         0x0800027b   Thumb Code     0  startup_stm32f446xx.o(.text)
    EXTI9_5_IRQHandler                       0x0800027b   Thumb Code     0  startup_stm32f446xx.o(.text)
    FLASH_IRQHandler                         0x0800027b   Thumb Code     0  startup_stm32f446xx.o(.text)
    FMC_IRQHandler                           0x0800027b   Thumb Code     0  startup_stm32f446xx.o(.text)
    FMPI2C1_ER_IRQHandler                    0x0800027b   Thumb Code     0  startup_stm32f446xx.o(.text)
    FMPI2C1_EV_IRQHandler                    0x0800027b   Thumb Code     0  startup_stm32f446xx.o(.text)
    FPU_IRQHandler                           0x0800027b   Thumb Code     0  startup_stm32f446xx.o(.text)
    I2C1_ER_IRQHandler                       0x0800027b   Thumb Code     0  startup_stm32f446xx.o(.text)
    I2C1_EV_IRQHandler                       0x0800027b   Thumb Code     0  startup_stm32f446xx.o(.text)
    I2C2_ER_IRQHandler                       0x0800027b   Thumb Code     0  startup_stm32f446xx.o(.text)
    I2C2_EV_IRQHandler                       0x0800027b   Thumb Code     0  startup_stm32f446xx.o(.text)
    I2C3_ER_IRQHandler                       0x0800027b   Thumb Code     0  startup_stm32f446xx.o(.text)
    I2C3_EV_IRQHandler                       0x0800027b   Thumb Code     0  startup_stm32f446xx.o(.text)
    OTG_FS_IRQHandler                        0x0800027b   Thumb Code     0  startup_stm32f446xx.o(.text)
    OTG_FS_WKUP_IRQHandler                   0x0800027b   Thumb Code     0  startup_stm32f446xx.o(.text)
    OTG_HS_EP1_IN_IRQHandler                 0x0800027b   Thumb Code     0  startup_stm32f446xx.o(.text)
    OTG_HS_EP1_OUT_IRQHandler                0x0800027b   Thumb Code     0  startup_stm32f446xx.o(.text)
    OTG_HS_IRQHandler                        0x0800027b   Thumb Code     0  startup_stm32f446xx.o(.text)
    OTG_HS_WKUP_IRQHandler                   0x0800027b   Thumb Code     0  startup_stm32f446xx.o(.text)
    PVD_IRQHandler                           0x0800027b   Thumb Code     0  startup_stm32f446xx.o(.text)
    QUADSPI_IRQHandler                       0x0800027b   Thumb Code     0  startup_stm32f446xx.o(.text)
    RCC_IRQHandler                           0x0800027b   Thumb Code     0  startup_stm32f446xx.o(.text)
    RTC_Alarm_IRQHandler                     0x0800027b   Thumb Code     0  startup_stm32f446xx.o(.text)
    RTC_WKUP_IRQHandler                      0x0800027b   Thumb Code     0  startup_stm32f446xx.o(.text)
    SAI1_IRQHandler                          0x0800027b   Thumb Code     0  startup_stm32f446xx.o(.text)
    SAI2_IRQHandler                          0x0800027b   Thumb Code     0  startup_stm32f446xx.o(.text)
    SDIO_IRQHandler                          0x0800027b   Thumb Code     0  startup_stm32f446xx.o(.text)
    SPDIF_RX_IRQHandler                      0x0800027b   Thumb Code     0  startup_stm32f446xx.o(.text)
    SPI1_IRQHandler                          0x0800027b   Thumb Code     0  startup_stm32f446xx.o(.text)
    SPI2_IRQHandler                          0x0800027b   Thumb Code     0  startup_stm32f446xx.o(.text)
    SPI3_IRQHandler                          0x0800027b   Thumb Code     0  startup_stm32f446xx.o(.text)
    SPI4_IRQHandler                          0x0800027b   Thumb Code     0  startup_stm32f446xx.o(.text)
    TAMP_STAMP_IRQHandler                    0x0800027b   Thumb Code     0  startup_stm32f446xx.o(.text)
    TIM1_BRK_TIM9_IRQHandler                 0x0800027b   Thumb Code     0  startup_stm32f446xx.o(.text)
    TIM1_CC_IRQHandler                       0x0800027b   Thumb Code     0  startup_stm32f446xx.o(.text)
    TIM1_TRG_COM_TIM11_IRQHandler            0x0800027b   Thumb Code     0  startup_stm32f446xx.o(.text)
    TIM1_UP_TIM10_IRQHandler                 0x0800027b   Thumb Code     0  startup_stm32f446xx.o(.text)
    TIM2_IRQHandler                          0x0800027b   Thumb Code     0  startup_stm32f446xx.o(.text)
    TIM3_IRQHandler                          0x0800027b   Thumb Code     0  startup_stm32f446xx.o(.text)
    TIM4_IRQHandler                          0x0800027b   Thumb Code     0  startup_stm32f446xx.o(.text)
    TIM5_IRQHandler                          0x0800027b   Thumb Code     0  startup_stm32f446xx.o(.text)
    TIM6_DAC_IRQHandler                      0x0800027b   Thumb Code     0  startup_stm32f446xx.o(.text)
    TIM7_IRQHandler                          0x0800027b   Thumb Code     0  startup_stm32f446xx.o(.text)
    TIM8_BRK_TIM12_IRQHandler                0x0800027b   Thumb Code     0  startup_stm32f446xx.o(.text)
    TIM8_CC_IRQHandler                       0x0800027b   Thumb Code     0  startup_stm32f446xx.o(.text)
    TIM8_TRG_COM_TIM14_IRQHandler            0x0800027b   Thumb Code     0  startup_stm32f446xx.o(.text)
    TIM8_UP_TIM13_IRQHandler                 0x0800027b   Thumb Code     0  startup_stm32f446xx.o(.text)
    UART4_IRQHandler                         0x0800027b   Thumb Code     0  startup_stm32f446xx.o(.text)
    UART5_IRQHandler                         0x0800027b   Thumb Code     0  startup_stm32f446xx.o(.text)
    USART1_IRQHandler                        0x0800027b   Thumb Code     0  startup_stm32f446xx.o(.text)
    USART2_IRQHandler                        0x0800027b   Thumb Code     0  startup_stm32f446xx.o(.text)
    USART3_IRQHandler                        0x0800027b   Thumb Code     0  startup_stm32f446xx.o(.text)
    USART6_IRQHandler                        0x0800027b   Thumb Code     0  startup_stm32f446xx.o(.text)
    WWDG_IRQHandler                          0x0800027b   Thumb Code     0  startup_stm32f446xx.o(.text)
    __user_initial_stackheap                 0x0800027d   Thumb Code     0  startup_stm32f446xx.o(.text)
    __2sprintf                               0x080002a1   Thumb Code    34  noretval__2sprintf.o(.text)
    __printf                                 0x080002c9   Thumb Code   184  __printf_ss.o(.text)
    __use_two_region_memory                  0x08000381   Thumb Code     2  heapauxi.o(.text)
    __rt_heap_escrow                         0x08000383   Thumb Code     2  heapauxi.o(.text)
    __rt_heap_expand                         0x08000385   Thumb Code     2  heapauxi.o(.text)
    _printf_fp_dec_real                      0x08000537   Thumb Code   620  _printf_fp_dec.o(.text)
    _printf_char_common                      0x080007af   Thumb Code    32  _printf_char_common.o(.text)
    _sputc                                   0x080007d5   Thumb Code    10  _sputc.o(.text)
    __I$use$semihosting                      0x080007df   Thumb Code     0  use_no_semi.o(.text)
    __use_no_semihosting_swi                 0x080007df   Thumb Code     2  use_no_semi.o(.text)
    __rt_locale                              0x080007e1   Thumb Code     8  rt_locale_intlibspace.o(.text)
    __semihosting_library_function           0x080007e1   Thumb Code     0  indicate_semi.o(.text)
    _ll_udiv10                               0x080007e9   Thumb Code   138  lludiv10.o(.text)
    _printf_fp_infnan                        0x08000875   Thumb Code   112  _printf_fp_infnan.o(.text)
    _btod_etento                             0x080008f5   Thumb Code   224  bigflt0.o(.text)
    __user_libspace                          0x080009d9   Thumb Code     8  libspace.o(.text)
    __user_perproc_libspace                  0x080009d9   Thumb Code     0  libspace.o(.text)
    __user_perthread_libspace                0x080009d9   Thumb Code     0  libspace.o(.text)
    __user_setup_stackheap                   0x080009e1   Thumb Code    74  sys_stackheap_outer.o(.text)
    exit                                     0x08000a2b   Thumb Code    18  exit.o(.text)
    strcmp                                   0x08000a41   Thumb Code   124  strcmpv7em.o(.text)
    _sys_exit                                0x08000abd   Thumb Code     8  sys_exit.o(.text)
    LCD_command                              0x08000ac9   Thumb Code    38  sd.o(.text.LCD_command)
    LCD_data                                 0x08000af1   Thumb Code    32  sd.o(.text.LCD_data)
    LCD_init                                 0x08000b11   Thumb Code    94  sd.o(.text.LCD_init)
    LCD_nibble_write                         0x08000b71   Thumb Code    56  sd.o(.text.LCD_nibble_write)
    PORTS_init                               0x08000ba9   Thumb Code    78  sd.o(.text.PORTS_init)
    SystemInit                               0x08000bf9   Thumb Code    86  system_stm32f4xx.o(.text.SystemInit)
    delayMs                                  0x08000c51   Thumb Code    50  sd.o(.text.delayMs)
    main                                     0x08000c89   Thumb Code   696  sd.o(.text.main)
    _btod_d2e                                0x08000f41   Thumb Code    62  btod.o(CL$$btod_d2e)
    _d2e_denorm_low                          0x08000f7f   Thumb Code    70  btod.o(CL$$btod_d2e_denorm_low)
    _d2e_norm_op1                            0x08000fc5   Thumb Code    96  btod.o(CL$$btod_d2e_norm_op1)
    __btod_div_common                        0x08001025   Thumb Code   696  btod.o(CL$$btod_div_common)
    _e2e                                     0x0800135d   Thumb Code   220  btod.o(CL$$btod_e2e)
    _btod_ediv                               0x08001439   Thumb Code    42  btod.o(CL$$btod_ediv)
    _btod_emul                               0x08001463   Thumb Code    42  btod.o(CL$$btod_emul)
    __btod_mult_common                       0x0800148d   Thumb Code   580  btod.o(CL$$btod_mult_common)
    __ARM_fpclassify                         0x080016d1   Thumb Code    48  fpclassify.o(i.__ARM_fpclassify)
    _get_lc_numeric                          0x08001701   Thumb Code    44  lc_numeric_c.o(locale$$code)
    __aeabi_dadd                             0x0800172d   Thumb Code     0  daddsub_clz.o(x$fpl$dadd)
    _dadd                                    0x0800172d   Thumb Code   332  daddsub_clz.o(x$fpl$dadd)
    __aeabi_ddiv                             0x0800187d   Thumb Code     0  ddiv.o(x$fpl$ddiv)
    _ddiv                                    0x0800187d   Thumb Code   552  ddiv.o(x$fpl$ddiv)
    __aeabi_ui2d                             0x08001b2d   Thumb Code     0  dflt_clz.o(x$fpl$dfltu)
    _dfltu                                   0x08001b2d   Thumb Code    38  dflt_clz.o(x$fpl$dfltu)
    __aeabi_dmul                             0x08001b55   Thumb Code     0  dmul.o(x$fpl$dmul)
    _dmul                                    0x08001b55   Thumb Code   332  dmul.o(x$fpl$dmul)
    __fpl_dnaninf                            0x08001ca9   Thumb Code   156  dnaninf.o(x$fpl$dnaninf)
    __fpl_dretinf                            0x08001d45   Thumb Code    12  dretinf.o(x$fpl$dretinf)
    __aeabi_dsub                             0x08001d51   Thumb Code     0  daddsub_clz.o(x$fpl$dsub)
    _dsub                                    0x08001d51   Thumb Code   464  daddsub_clz.o(x$fpl$dsub)
    _fp_init                                 0x08001f25   Thumb Code    26  fpinit.o(x$fpl$fpinit)
    __fplib_config_fpu_vfp                   0x08001f3d   Thumb Code     0  fpinit.o(x$fpl$fpinit)
    __fplib_config_pureend_doubles           0x08001f3d   Thumb Code     0  fpinit.o(x$fpl$fpinit)
    _printf_fp_dec                           0x08001f3f   Thumb Code     4  printf1.o(x$fpl$printf1)
    __I$use$fp                               0x08001f42   Number         0  usenofp.o(x$fpl$usenofp)
    Region$$Table$$Base                      0x08001fdc   Number         0  anon$$obj.o(Region$$Table)
    Region$$Table$$Limit                     0x08001fec   Number         0  anon$$obj.o(Region$$Table)
    __libspace_start                         0x20000000   Data          96  libspace.o(.bss)
    __temporary_stack_top$libspace           0x20000060   Data           0  libspace.o(.bss)



==============================================================================

Memory Map of the image

  Image Entry point : 0x08000261

  Load Region LR_1 (Base: 0x08000000, Size: 0x00002008, Max: 0xffffffff, ABSOLUTE)

    Execution Region ER_RO (Exec base: 0x08000000, Load base: 0x08000000, Size: 0x00002008, Max: 0xffffffff, ABSOLUTE)

    Exec Addr    Load Addr    Size         Type   Attr      Idx    E Section Name        Object

    0x08000000   0x08000000   0x000001c4   Data   RO           29    RESET               startup_stm32f446xx.o
    0x080001c4   0x080001c4   0x00000008   Code   RO           95  * !!!main             c_w.l(__main.o)
    0x080001cc   0x080001cc   0x00000034   Code   RO          524    !!!scatter          c_w.l(__scatter.o)
    0x08000200   0x08000200   0x0000001c   Code   RO          526    !!handler_zi        c_w.l(__scatter_zi.o)
    0x0800021c   0x0800021c   0x00000000   Code   RO           84    .ARM.Collect$$_printf_percent$$00000000  c_w.l(_printf_percent.o)
    0x0800021c   0x0800021c   0x00000006   Code   RO           83    .ARM.Collect$$_printf_percent$$00000003  c_w.l(_printf_f.o)
    0x08000222   0x08000222   0x00000004   Code   RO          196    .ARM.Collect$$_printf_percent$$00000017  c_w.l(_printf_percent_end.o)
    0x08000226   0x08000226   0x00000002   Code   RO          423    .ARM.Collect$$libinit$$00000000  c_w.l(libinit.o)
    0x08000228   0x08000228   0x00000004   Code   RO          319    .ARM.Collect$$libinit$$00000001  c_w.l(libinit2.o)
    0x0800022c   0x0800022c   0x00000000   Code   RO          322    .ARM.Collect$$libinit$$00000004  c_w.l(libinit2.o)
    0x0800022c   0x0800022c   0x00000000   Code   RO          325    .ARM.Collect$$libinit$$0000000A  c_w.l(libinit2.o)
    0x0800022c   0x0800022c   0x00000000   Code   RO          327    .ARM.Collect$$libinit$$0000000C  c_w.l(libinit2.o)
    0x0800022c   0x0800022c   0x00000000   Code   RO          329    .ARM.Collect$$libinit$$0000000E  c_w.l(libinit2.o)
    0x0800022c   0x0800022c   0x00000006   Code   RO          330    .ARM.Collect$$libinit$$0000000F  c_w.l(libinit2.o)
    0x08000232   0x08000232   0x00000000   Code   RO          332    .ARM.Collect$$libinit$$00000011  c_w.l(libinit2.o)
    0x08000232   0x08000232   0x00000000   Code   RO          334    .ARM.Collect$$libinit$$00000013  c_w.l(libinit2.o)
    0x08000232   0x08000232   0x00000000   Code   RO          336    .ARM.Collect$$libinit$$00000015  c_w.l(libinit2.o)
    0x08000232   0x08000232   0x0000000a   Code   RO          337    .ARM.Collect$$libinit$$00000016  c_w.l(libinit2.o)
    0x0800023c   0x0800023c   0x00000000   Code   RO          338    .ARM.Collect$$libinit$$00000017  c_w.l(libinit2.o)
    0x0800023c   0x0800023c   0x00000000   Code   RO          340    .ARM.Collect$$libinit$$00000019  c_w.l(libinit2.o)
    0x0800023c   0x0800023c   0x00000000   Code   RO          342    .ARM.Collect$$libinit$$0000001B  c_w.l(libinit2.o)
    0x0800023c   0x0800023c   0x00000000   Code   RO          344    .ARM.Collect$$libinit$$0000001D  c_w.l(libinit2.o)
    0x0800023c   0x0800023c   0x00000000   Code   RO          346    .ARM.Collect$$libinit$$0000001F  c_w.l(libinit2.o)
    0x0800023c   0x0800023c   0x00000000   Code   RO          348    .ARM.Collect$$libinit$$00000021  c_w.l(libinit2.o)
    0x0800023c   0x0800023c   0x00000000   Code   RO          350    .ARM.Collect$$libinit$$00000023  c_w.l(libinit2.o)
    0x0800023c   0x0800023c   0x00000000   Code   RO          352    .ARM.Collect$$libinit$$00000025  c_w.l(libinit2.o)
    0x0800023c   0x0800023c   0x00000000   Code   RO          356    .ARM.Collect$$libinit$$0000002C  c_w.l(libinit2.o)
    0x0800023c   0x0800023c   0x00000000   Code   RO          358    .ARM.Collect$$libinit$$0000002E  c_w.l(libinit2.o)
    0x0800023c   0x0800023c   0x00000000   Code   RO          360    .ARM.Collect$$libinit$$00000030  c_w.l(libinit2.o)
    0x0800023c   0x0800023c   0x00000000   Code   RO          362    .ARM.Collect$$libinit$$00000032  c_w.l(libinit2.o)
    0x0800023c   0x0800023c   0x00000002   Code   RO          363    .ARM.Collect$$libinit$$00000033  c_w.l(libinit2.o)
    0x0800023e   0x0800023e   0x00000002   Code   RO          507    .ARM.Collect$$libshutdown$$00000000  c_w.l(libshutdown.o)
    0x08000240   0x08000240   0x00000000   Code   RO          425    .ARM.Collect$$libshutdown$$00000002  c_w.l(libshutdown2.o)
    0x08000240   0x08000240   0x00000000   Code   RO          427    .ARM.Collect$$libshutdown$$00000004  c_w.l(libshutdown2.o)
    0x08000240   0x08000240   0x00000000   Code   RO          430    .ARM.Collect$$libshutdown$$00000007  c_w.l(libshutdown2.o)
    0x08000240   0x08000240   0x00000000   Code   RO          433    .ARM.Collect$$libshutdown$$0000000A  c_w.l(libshutdown2.o)
    0x08000240   0x08000240   0x00000000   Code   RO          435    .ARM.Collect$$libshutdown$$0000000C  c_w.l(libshutdown2.o)
    0x08000240   0x08000240   0x00000000   Code   RO          438    .ARM.Collect$$libshutdown$$0000000F  c_w.l(libshutdown2.o)
    0x08000240   0x08000240   0x00000002   Code   RO          439    .ARM.Collect$$libshutdown$$00000010  c_w.l(libshutdown2.o)
    0x08000242   0x08000242   0x00000000   Code   RO          123    .ARM.Collect$$rtentry$$00000000  c_w.l(__rtentry.o)
    0x08000242   0x08000242   0x00000000   Code   RO          219    .ARM.Collect$$rtentry$$00000002  c_w.l(__rtentry2.o)
    0x08000242   0x08000242   0x00000006   Code   RO          231    .ARM.Collect$$rtentry$$00000004  c_w.l(__rtentry4.o)
    0x08000248   0x08000248   0x00000000   Code   RO          221    .ARM.Collect$$rtentry$$00000009  c_w.l(__rtentry2.o)
    0x08000248   0x08000248   0x00000004   Code   RO          222    .ARM.Collect$$rtentry$$0000000A  c_w.l(__rtentry2.o)
    0x0800024c   0x0800024c   0x00000000   Code   RO          224    .ARM.Collect$$rtentry$$0000000C  c_w.l(__rtentry2.o)
    0x0800024c   0x0800024c   0x00000008   Code   RO          225    .ARM.Collect$$rtentry$$0000000D  c_w.l(__rtentry2.o)
    0x08000254   0x08000254   0x00000002   Code   RO          444    .ARM.Collect$$rtexit$$00000000  c_w.l(rtexit.o)
    0x08000256   0x08000256   0x00000000   Code   RO          475    .ARM.Collect$$rtexit$$00000002  c_w.l(rtexit2.o)
    0x08000256   0x08000256   0x00000004   Code   RO          476    .ARM.Collect$$rtexit$$00000003  c_w.l(rtexit2.o)
    0x0800025a   0x0800025a   0x00000006   Code   RO          477    .ARM.Collect$$rtexit$$00000004  c_w.l(rtexit2.o)
    0x08000260   0x08000260   0x00000040   Code   RO           30  * .text               startup_stm32f446xx.o
    0x080002a0   0x080002a0   0x00000028   Code   RO           59    .text               c_w.l(noretval__2sprintf.o)
    0x080002c8   0x080002c8   0x000000b8   Code   RO           66    .text               c_w.l(__printf_ss.o)
    0x08000380   0x08000380   0x00000006   Code   RO           93    .text               c_w.l(heapauxi.o)
    0x08000386   0x08000386   0x0000041c   Code   RO          186    .text               c_w.l(_printf_fp_dec.o)
    0x080007a2   0x080007a2   0x00000002   PAD
    0x080007a4   0x080007a4   0x00000030   Code   RO          190    .text               c_w.l(_printf_char_common.o)
    0x080007d4   0x080007d4   0x0000000a   Code   RO          192    .text               c_w.l(_sputc.o)
    0x080007de   0x080007de   0x00000002   Code   RO          215    .text               c_w.l(use_no_semi.o)
    0x080007e0   0x080007e0   0x00000000   Code   RO          217    .text               c_w.l(indicate_semi.o)
    0x080007e0   0x080007e0   0x00000008   Code   RO          241    .text               c_w.l(rt_locale_intlibspace.o)
    0x080007e8   0x080007e8   0x0000008a   Code   RO          261    .text               c_w.l(lludiv10.o)
    0x08000872   0x08000872   0x00000002   PAD
    0x08000874   0x08000874   0x00000080   Code   RO          263    .text               c_w.l(_printf_fp_infnan.o)
    0x080008f4   0x080008f4   0x000000e4   Code   RO          267    .text               c_w.l(bigflt0.o)
    0x080009d8   0x080009d8   0x00000008   Code   RO          375    .text               c_w.l(libspace.o)
    0x080009e0   0x080009e0   0x0000004a   Code   RO          378    .text               c_w.l(sys_stackheap_outer.o)
    0x08000a2a   0x08000a2a   0x00000012   Code   RO          401    .text               c_w.l(exit.o)
    0x08000a3c   0x08000a3c   0x00000004   PAD
    0x08000a40   0x08000a40   0x0000007c   Code   RO          411    .text               c_w.l(strcmpv7em.o)
    0x08000abc   0x08000abc   0x0000000c   Code   RO          470    .text               c_w.l(sys_exit.o)
    0x08000ac8   0x08000ac8   0x00000026   Code   RO            8    .text.LCD_command   sd.o
    0x08000aee   0x08000aee   0x00000002   PAD
    0x08000af0   0x08000af0   0x00000020   Code   RO           10    .text.LCD_data      sd.o
    0x08000b10   0x08000b10   0x0000005e   Code   RO            4    .text.LCD_init      sd.o
    0x08000b6e   0x08000b6e   0x00000002   PAD
    0x08000b70   0x08000b70   0x00000038   Code   RO           16    .text.LCD_nibble_write  sd.o
    0x08000ba8   0x08000ba8   0x0000004e   Code   RO           14    .text.PORTS_init    sd.o
    0x08000bf6   0x08000bf6   0x00000002   PAD
    0x08000bf8   0x08000bf8   0x00000056   Code   RO           37    .text.SystemInit    system_stm32f4xx.o
    0x08000c4e   0x08000c4e   0x00000002   PAD
    0x08000c50   0x08000c50   0x00000032   Code   RO            6    .text.delayMs       sd.o
    0x08000c82   0x08000c82   0x00000006   PAD
    0x08000c88   0x08000c88   0x000002b8   Code   RO            2    .text.main          sd.o
    0x08000f40   0x08000f40   0x0000003e   Code   RO          270    CL$$btod_d2e        c_w.l(btod.o)
    0x08000f7e   0x08000f7e   0x00000046   Code   RO          272    CL$$btod_d2e_denorm_low  c_w.l(btod.o)
    0x08000fc4   0x08000fc4   0x00000060   Code   RO          271    CL$$btod_d2e_norm_op1  c_w.l(btod.o)
    0x08001024   0x08001024   0x00000338   Code   RO          280    CL$$btod_div_common  c_w.l(btod.o)
    0x0800135c   0x0800135c   0x000000dc   Code   RO          277    CL$$btod_e2e        c_w.l(btod.o)
    0x08001438   0x08001438   0x0000002a   Code   RO          274    CL$$btod_ediv       c_w.l(btod.o)
    0x08001462   0x08001462   0x0000002a   Code   RO          273    CL$$btod_emul       c_w.l(btod.o)
    0x0800148c   0x0800148c   0x00000244   Code   RO          279    CL$$btod_mult_common  c_w.l(btod.o)
    0x080016d0   0x080016d0   0x00000030   Code   RO          366    i.__ARM_fpclassify  m_wm.l(fpclassify.o)
    0x08001700   0x08001700   0x0000002c   Code   RO          311    locale$$code        c_w.l(lc_numeric_c.o)
    0x0800172c   0x0800172c   0x00000150   Code   RO           97    x$fpl$dadd          fz_wm.l(daddsub_clz.o)
    0x0800187c   0x0800187c   0x000002b0   Code   RO          104    x$fpl$ddiv          fz_wm.l(ddiv.o)
    0x08001b2c   0x08001b2c   0x00000026   Code   RO          107    x$fpl$dfltu         fz_wm.l(dflt_clz.o)
    0x08001b52   0x08001b52   0x00000002   PAD
    0x08001b54   0x08001b54   0x00000154   Code   RO          113    x$fpl$dmul          fz_wm.l(dmul.o)
    0x08001ca8   0x08001ca8   0x0000009c   Code   RO          210    x$fpl$dnaninf       fz_wm.l(dnaninf.o)
    0x08001d44   0x08001d44   0x0000000c   Code   RO          212    x$fpl$dretinf       fz_wm.l(dretinf.o)
    0x08001d50   0x08001d50   0x000001d4   Code   RO           99    x$fpl$dsub          fz_wm.l(daddsub_clz.o)
    0x08001f24   0x08001f24   0x0000001a   Code   RO          442    x$fpl$fpinit        fz_wm.l(fpinit.o)
    0x08001f3e   0x08001f3e   0x00000004   Code   RO          115    x$fpl$printf1       fz_wm.l(printf1.o)
    0x08001f42   0x08001f42   0x00000000   Code   RO          214    x$fpl$usenofp       fz_wm.l(usenofp.o)
    0x08001f42   0x08001f42   0x00000002   PAD
    0x08001f44   0x08001f44   0x00000094   Data   RO          268    .constdata          c_w.l(bigflt0.o)
    0x08001fd8   0x08001fd8   0x00000003   Data   RO           18    .rodata.str1.1      sd.o
    0x08001fdb   0x08001fdb   0x00000001   PAD
    0x08001fdc   0x08001fdc   0x00000010   Data   RO          523    Region$$Table       anon$$obj.o
    0x08001fec   0x08001fec   0x0000001c   Data   RO          310    locale$$data        c_w.l(lc_numeric_c.o)


    Execution Region ER_RW (Exec base: 0x20000000, Load base: 0x08002008, Size: 0x00000000, Max: 0xffffffff, ABSOLUTE)

    **** No section assigned to this execution region ****


    Execution Region ER_ZI (Exec base: 0x20000000, Load base: 0x08002008, Size: 0x00000660, Max: 0xffffffff, ABSOLUTE)

    Exec Addr    Load Addr    Size         Type   Attr      Idx    E Section Name        Object

    0x20000000        -       0x00000060   Zero   RW          376    .bss                c_w.l(libspace.o)
    0x20000060        -       0x00000200   Zero   RW           28    HEAP                startup_stm32f446xx.o
    0x20000260        -       0x00000400   Zero   RW           27    STACK               startup_stm32f446xx.o


==============================================================================

Image component sizes


      Code (inc. data)   RO Data    RW Data    ZI Data      Debug   Object Name

      1044         80          3          0          0       5157   sd.o
        64         26        452          0       1536        888   startup_stm32f446xx.o
        86          0          0          0          0       2872   system_stm32f4xx.o

    ----------------------------------------------------------------------
      1208        106        472          0       1536       8917   Object Totals
         0          0         16          0          0          0   (incl. Generated)
        14          0          1          0          0          0   (incl. Padding)

    ----------------------------------------------------------------------

      Code (inc. data)   RO Data    RW Data    ZI Data      Debug   Library Member Name

         8          0          0          0          0         68   __main.o
       184          0          0          0          0         84   __printf_ss.o
         0          0          0          0          0          0   __rtentry.o
        12          0          0          0          0          0   __rtentry2.o
         6          0          0          0          0          0   __rtentry4.o
        52          8          0          0          0          0   __scatter.o
        28          0          0          0          0          0   __scatter_zi.o
        48          6          0          0          0         96   _printf_char_common.o
         6          0          0          0          0          0   _printf_f.o
      1052          0          0          0          0        148   _printf_fp_dec.o
       128         16          0          0          0         84   _printf_fp_infnan.o
         0          0          0          0          0          0   _printf_percent.o
         4          0          0          0          0          0   _printf_percent_end.o
        10          0          0          0          0         68   _sputc.o
       228          4        148          0          0         96   bigflt0.o
      1936        128          0          0          0        672   btod.o
        18          0          0          0          0         80   exit.o
         6          0          0          0          0        152   heapauxi.o
         0          0          0          0          0          0   indicate_semi.o
        44         10         28          0          0         76   lc_numeric_c.o
         2          0          0          0          0          0   libinit.o
        22          0          0          0          0          0   libinit2.o
         2          0          0          0          0          0   libshutdown.o
         2          0          0          0          0          0   libshutdown2.o
         8          4          0          0         96         68   libspace.o
       138          0          0          0          0         80   lludiv10.o
        40          6          0          0          0         84   noretval__2sprintf.o
         8          4          0          0          0         68   rt_locale_intlibspace.o
         2          0          0          0          0          0   rtexit.o
        10          0          0          0          0          0   rtexit2.o
       124          0          0          0          0         88   strcmpv7em.o
        12          4          0          0          0         68   sys_exit.o
        74          0          0          0          0         80   sys_stackheap_outer.o
         2          0          0          0          0         68   use_no_semi.o
       804         16          0          0          0        376   daddsub_clz.o
       688        140          0          0          0        264   ddiv.o
        38          0          0          0          0        116   dflt_clz.o
       340         12          0          0          0        152   dmul.o
       156          4          0          0          0        140   dnaninf.o
        12          0          0          0          0        116   dretinf.o
        26          0          0          0          0        116   fpinit.o
         4          0          0          0          0        116   printf1.o
         0          0          0          0          0          0   usenofp.o
        48          0          0          0          0        124   fpclassify.o

    ----------------------------------------------------------------------
      6344        362        176          0         96       3748   Library Totals
        12          0          0          0          0          0   (incl. Padding)

    ----------------------------------------------------------------------

      Code (inc. data)   RO Data    RW Data    ZI Data      Debug   Library Name

      4216        190        176          0         96       2228   c_w.l
      2068        172          0          0          0       1396   fz_wm.l
        48          0          0          0          0        124   m_wm.l

    ----------------------------------------------------------------------
      6344        362        176          0         96       3748   Library Totals

    ----------------------------------------------------------------------

==============================================================================


      Code (inc. data)   RO Data    RW Data    ZI Data      Debug   

      7552        468        648          0       1632      10637   Grand Totals
      7552        468        648          0       1632      10637   ELF Image Totals
      7552        468        648          0          0          0   ROM Totals

==============================================================================

    Total RO  Size (Code + RO Data)                 8200 (   8.01kB)
    Total RW  Size (RW Data + ZI Data)              1632 (   1.59kB)
    Total ROM Size (Code + RO Data + RW Data)       8200 (   8.01kB)

==============================================================================

